kern  :notice: [    0.000000] Linux version 5.18.18-opimq-pin (root@localhost.localdomain) (gcc (GCC) 8.3.1 20190311 (Red Hat 8.3.1-3), GNU ld version 2.30-55.el7.2) #183 SMP PREEMPT_DYNAMIC Wed Sep 6 02:01:20 EDT 2023
kern  :info  : [    0.000000] Command line: BOOT_IMAGE=/vmlinuz-5.18.18-opimq-pin root=/dev/mapper/centos-root ro crashkernel=auto spectre_v2=retpoline rd.lvm.lv=centos/root rd.lvm.lv=centos/swap rhgb quiet LANG=en_US.UTF-8
kern  :info  : [    0.000000] x86/fpu: Supporting XSAVE feature 0x001: 'x87 floating point registers'
kern  :info  : [    0.000000] x86/fpu: Supporting XSAVE feature 0x002: 'SSE registers'
kern  :info  : [    0.000000] x86/fpu: Supporting XSAVE feature 0x004: 'AVX registers'
kern  :info  : [    0.000000] x86/fpu: Supporting XSAVE feature 0x008: 'MPX bounds registers'
kern  :info  : [    0.000000] x86/fpu: Supporting XSAVE feature 0x010: 'MPX CSR'
kern  :info  : [    0.000000] x86/fpu: Supporting XSAVE feature 0x020: 'AVX-512 opmask'
kern  :info  : [    0.000000] x86/fpu: Supporting XSAVE feature 0x040: 'AVX-512 Hi256'
kern  :info  : [    0.000000] x86/fpu: Supporting XSAVE feature 0x080: 'AVX-512 ZMM_Hi256'
kern  :info  : [    0.000000] x86/fpu: Supporting XSAVE feature 0x200: 'Protection Keys User registers'
kern  :info  : [    0.000000] x86/fpu: xstate_offset[2]:  576, xstate_sizes[2]:  256
kern  :info  : [    0.000000] x86/fpu: xstate_offset[3]:  832, xstate_sizes[3]:   64
kern  :info  : [    0.000000] x86/fpu: xstate_offset[4]:  896, xstate_sizes[4]:   64
kern  :info  : [    0.000000] x86/fpu: xstate_offset[5]:  960, xstate_sizes[5]:   64
kern  :info  : [    0.000000] x86/fpu: xstate_offset[6]: 1024, xstate_sizes[6]:  512
kern  :info  : [    0.000000] x86/fpu: xstate_offset[7]: 1536, xstate_sizes[7]: 1024
kern  :info  : [    0.000000] x86/fpu: xstate_offset[9]: 2560, xstate_sizes[9]:    8
kern  :info  : [    0.000000] x86/fpu: Enabled xstate features 0x2ff, context size is 2568 bytes, using 'compacted' format.
kern  :info  : [    0.000000] signal: max sigframe size: 3632
kern  :info  : [    0.000000] BIOS-provided physical RAM map:
kern  :info  : [    0.000000] BIOS-e820: [mem 0x0000000000000000-0x000000000009ffff] usable
kern  :info  : [    0.000000] BIOS-e820: [mem 0x00000000000a0000-0x00000000000fffff] reserved
kern  :info  : [    0.000000] BIOS-e820: [mem 0x0000000000100000-0x0000000046e8afff] usable
kern  :info  : [    0.000000] BIOS-e820: [mem 0x0000000046e8b000-0x0000000046f6efff] reserved
kern  :info  : [    0.000000] BIOS-e820: [mem 0x0000000046f6f000-0x0000000046ffafff] usable
kern  :info  : [    0.000000] BIOS-e820: [mem 0x0000000046ffb000-0x00000000470defff] reserved
kern  :info  : [    0.000000] BIOS-e820: [mem 0x00000000470df000-0x000000005dafefff] usable
kern  :info  : [    0.000000] BIOS-e820: [mem 0x000000005daff000-0x000000006cffefff] reserved
kern  :info  : [    0.000000] BIOS-e820: [mem 0x000000006cfff000-0x000000006effefff] ACPI NVS
kern  :info  : [    0.000000] BIOS-e820: [mem 0x000000006efff000-0x000000006f7fefff] ACPI data
kern  :info  : [    0.000000] BIOS-e820: [mem 0x000000006f7ff000-0x000000006f7fffff] usable
kern  :info  : [    0.000000] BIOS-e820: [mem 0x000000006f800000-0x000000008fffffff] reserved
kern  :info  : [    0.000000] BIOS-e820: [mem 0x00000000fe000000-0x00000000fe010fff] reserved
kern  :info  : [    0.000000] BIOS-e820: [mem 0x0000000100000000-0x000000807fffffff] usable
kern  :info  : [    0.000000] NX (Execute Disable) protection: active
kern  :debug : [    0.000000] e820: update [mem 0x458ca020-0x458d205f] usable ==> usable
kern  :debug : [    0.000000] e820: update [mem 0x458ca020-0x458d205f] usable ==> usable
kern  :debug : [    0.000000] e820: update [mem 0x458b1020-0x458c965f] usable ==> usable
kern  :debug : [    0.000000] e820: update [mem 0x458b1020-0x458c965f] usable ==> usable
kern  :debug : [    0.000000] e820: update [mem 0x45852020-0x458b025f] usable ==> usable
kern  :debug : [    0.000000] e820: update [mem 0x45852020-0x458b025f] usable ==> usable
kern  :debug : [    0.000000] e820: update [mem 0x457f3020-0x4585125f] usable ==> usable
kern  :debug : [    0.000000] e820: update [mem 0x457f3020-0x4585125f] usable ==> usable
kern  :debug : [    0.000000] e820: update [mem 0x45796020-0x457f205f] usable ==> usable
kern  :debug : [    0.000000] e820: update [mem 0x45796020-0x457f205f] usable ==> usable
kern  :debug : [    0.000000] e820: update [mem 0x45739020-0x4579505f] usable ==> usable
kern  :debug : [    0.000000] e820: update [mem 0x45739020-0x4579505f] usable ==> usable
kern  :debug : [    0.000000] e820: update [mem 0x4572e020-0x45738a5f] usable ==> usable
kern  :debug : [    0.000000] e820: update [mem 0x4572e020-0x45738a5f] usable ==> usable
kern  :info  : [    0.000000] extended physical RAM map:
kern  :info  : [    0.000000] reserve setup_data: [mem 0x0000000000000000-0x000000000009ffff] usable
kern  :info  : [    0.000000] reserve setup_data: [mem 0x00000000000a0000-0x00000000000fffff] reserved
kern  :info  : [    0.000000] reserve setup_data: [mem 0x0000000000100000-0x000000004572e01f] usable
kern  :info  : [    0.000000] reserve setup_data: [mem 0x000000004572e020-0x0000000045738a5f] usable
kern  :info  : [    0.000000] reserve setup_data: [mem 0x0000000045738a60-0x000000004573901f] usable
kern  :info  : [    0.000000] reserve setup_data: [mem 0x0000000045739020-0x000000004579505f] usable
kern  :info  : [    0.000000] reserve setup_data: [mem 0x0000000045795060-0x000000004579601f] usable
kern  :info  : [    0.000000] reserve setup_data: [mem 0x0000000045796020-0x00000000457f205f] usable
kern  :info  : [    0.000000] reserve setup_data: [mem 0x00000000457f2060-0x00000000457f301f] usable
kern  :info  : [    0.000000] reserve setup_data: [mem 0x00000000457f3020-0x000000004585125f] usable
kern  :info  : [    0.000000] reserve setup_data: [mem 0x0000000045851260-0x000000004585201f] usable
kern  :info  : [    0.000000] reserve setup_data: [mem 0x0000000045852020-0x00000000458b025f] usable
kern  :info  : [    0.000000] reserve setup_data: [mem 0x00000000458b0260-0x00000000458b101f] usable
kern  :info  : [    0.000000] reserve setup_data: [mem 0x00000000458b1020-0x00000000458c965f] usable
kern  :info  : [    0.000000] reserve setup_data: [mem 0x00000000458c9660-0x00000000458ca01f] usable
kern  :info  : [    0.000000] reserve setup_data: [mem 0x00000000458ca020-0x00000000458d205f] usable
kern  :info  : [    0.000000] reserve setup_data: [mem 0x00000000458d2060-0x0000000046e8afff] usable
kern  :info  : [    0.000000] reserve setup_data: [mem 0x0000000046e8b000-0x0000000046f6efff] reserved
kern  :info  : [    0.000000] reserve setup_data: [mem 0x0000000046f6f000-0x0000000046ffafff] usable
kern  :info  : [    0.000000] reserve setup_data: [mem 0x0000000046ffb000-0x00000000470defff] reserved
kern  :info  : [    0.000000] reserve setup_data: [mem 0x00000000470df000-0x000000005dafefff] usable
kern  :info  : [    0.000000] reserve setup_data: [mem 0x000000005daff000-0x000000006cffefff] reserved
kern  :info  : [    0.000000] reserve setup_data: [mem 0x000000006cfff000-0x000000006effefff] ACPI NVS
kern  :info  : [    0.000000] reserve setup_data: [mem 0x000000006efff000-0x000000006f7fefff] ACPI data
kern  :info  : [    0.000000] reserve setup_data: [mem 0x000000006f7ff000-0x000000006f7fffff] usable
kern  :info  : [    0.000000] reserve setup_data: [mem 0x000000006f800000-0x000000008fffffff] reserved
kern  :info  : [    0.000000] reserve setup_data: [mem 0x00000000fe000000-0x00000000fe010fff] reserved
kern  :info  : [    0.000000] reserve setup_data: [mem 0x0000000100000000-0x000000807fffffff] usable
kern  :info  : [    0.000000] efi: EFI v2.70 by Dell Inc.
kern  :info  : [    0.000000] efi: ACPI=0x6f7fe000 ACPI 2.0=0x6f7fe014 SMBIOS=0x67136000 SMBIOS 3.0=0x67134000 MEMATTR=0x5aab6020 RNG=0x5dbb74a0 
kern  :notice: [    0.000000] efi: seeding entropy pool
kern  :notice: [    0.000000] random: crng init done
kern  :info  : [    0.000000] SMBIOS 3.2.0 present.
kern  :info  : [    0.000000] DMI: Dell Inc. PowerEdge R740xd/0YNX56, BIOS 2.3.10 08/15/2019
kern  :info  : [    0.000000] tsc: Detected 2100.000 MHz processor
kern  :debug : [    0.000008] e820: update [mem 0x00000000-0x00000fff] usable ==> reserved
kern  :debug : [    0.000011] e820: remove [mem 0x000a0000-0x000fffff] usable
kern  :info  : [    0.000027] last_pfn = 0x8080000 max_arch_pfn = 0x400000000
kern  :info  : [    0.000140] x86/PAT: Configuration [0-7]: WB  WC  UC- UC  WB  WP  UC- WT  
kern  :info  : [    0.000913] total RAM covered: 524272M
kern  :info  : [    0.001048]  gran_size: 64K 	chunk_size: 64K 	num_reg: 10  	lose cover RAM: 482G
kern  :info  : [    0.001051]  gran_size: 64K 	chunk_size: 128K 	num_reg: 10  	lose cover RAM: 482G
kern  :info  : [    0.001053]  gran_size: 64K 	chunk_size: 256K 	num_reg: 10  	lose cover RAM: 482G
kern  :info  : [    0.001055]  gran_size: 64K 	chunk_size: 512K 	num_reg: 10  	lose cover RAM: 482G
kern  :info  : [    0.001057]  gran_size: 64K 	chunk_size: 1M 	num_reg: 10  	lose cover RAM: 482G
kern  :info  : [    0.001058]  gran_size: 64K 	chunk_size: 2M 	num_reg: 10  	lose cover RAM: 482G
kern  :info  : [    0.001060]  gran_size: 64K 	chunk_size: 4M 	num_reg: 10  	lose cover RAM: 482G
kern  :info  : [    0.001061]  gran_size: 64K 	chunk_size: 8M 	num_reg: 10  	lose cover RAM: 482G
kern  :info  : [    0.001063]  gran_size: 64K 	chunk_size: 16M 	num_reg: 10  	lose cover RAM: 482G
kern  :info  : [    0.001064]  gran_size: 64K 	chunk_size: 32M 	num_reg: 10  	lose cover RAM: 0G
kern  :info  : [    0.001066]  gran_size: 64K 	chunk_size: 64M 	num_reg: 10  	lose cover RAM: 0G
kern  :info  : [    0.001068]  gran_size: 64K 	chunk_size: 128M 	num_reg: 10  	lose cover RAM: 0G
kern  :info  : [    0.001069]  gran_size: 64K 	chunk_size: 256M 	num_reg: 10  	lose cover RAM: 0G
kern  :info  : [    0.001071]  gran_size: 64K 	chunk_size: 512M 	num_reg: 10  	lose cover RAM: 0G
kern  :info  : [    0.001072]  gran_size: 64K 	chunk_size: 1G 	num_reg: 10  	lose cover RAM: 0G
kern  :info  : [    0.001074]  gran_size: 64K 	chunk_size: 2G 	num_reg: 10  	lose cover RAM: 0G
kern  :info  : [    0.001075]  gran_size: 128K 	chunk_size: 128K 	num_reg: 10  	lose cover RAM: 482G
kern  :info  : [    0.001077]  gran_size: 128K 	chunk_size: 256K 	num_reg: 10  	lose cover RAM: 482G
kern  :info  : [    0.001079]  gran_size: 128K 	chunk_size: 512K 	num_reg: 10  	lose cover RAM: 482G
kern  :info  : [    0.001080]  gran_size: 128K 	chunk_size: 1M 	num_reg: 10  	lose cover RAM: 482G
kern  :info  : [    0.001082]  gran_size: 128K 	chunk_size: 2M 	num_reg: 10  	lose cover RAM: 482G
kern  :info  : [    0.001084]  gran_size: 128K 	chunk_size: 4M 	num_reg: 10  	lose cover RAM: 482G
kern  :info  : [    0.001085]  gran_size: 128K 	chunk_size: 8M 	num_reg: 10  	lose cover RAM: 482G
kern  :info  : [    0.001087]  gran_size: 128K 	chunk_size: 16M 	num_reg: 10  	lose cover RAM: 482G
kern  :info  : [    0.001089]  gran_size: 128K 	chunk_size: 32M 	num_reg: 10  	lose cover RAM: 0G
kern  :info  : [    0.001090]  gran_size: 128K 	chunk_size: 64M 	num_reg: 10  	lose cover RAM: 0G
kern  :info  : [    0.001092]  gran_size: 128K 	chunk_size: 128M 	num_reg: 10  	lose cover RAM: 0G
kern  :info  : [    0.001094]  gran_size: 128K 	chunk_size: 256M 	num_reg: 10  	lose cover RAM: 0G
kern  :info  : [    0.001095]  gran_size: 128K 	chunk_size: 512M 	num_reg: 10  	lose cover RAM: 0G
kern  :info  : [    0.001097]  gran_size: 128K 	chunk_size: 1G 	num_reg: 10  	lose cover RAM: 0G
kern  :info  : [    0.001098]  gran_size: 128K 	chunk_size: 2G 	num_reg: 10  	lose cover RAM: 0G
kern  :info  : [    0.001100]  gran_size: 256K 	chunk_size: 256K 	num_reg: 10  	lose cover RAM: 482G
kern  :info  : [    0.001101]  gran_size: 256K 	chunk_size: 512K 	num_reg: 10  	lose cover RAM: 482G
kern  :info  : [    0.001103]  gran_size: 256K 	chunk_size: 1M 	num_reg: 10  	lose cover RAM: 482G
kern  :info  : [    0.001104]  gran_size: 256K 	chunk_size: 2M 	num_reg: 10  	lose cover RAM: 482G
kern  :info  : [    0.001106]  gran_size: 256K 	chunk_size: 4M 	num_reg: 10  	lose cover RAM: 482G
kern  :info  : [    0.001107]  gran_size: 256K 	chunk_size: 8M 	num_reg: 10  	lose cover RAM: 482G
kern  :info  : [    0.001109]  gran_size: 256K 	chunk_size: 16M 	num_reg: 10  	lose cover RAM: 482G
kern  :info  : [    0.001111]  gran_size: 256K 	chunk_size: 32M 	num_reg: 10  	lose cover RAM: 0G
kern  :info  : [    0.001112]  gran_size: 256K 	chunk_size: 64M 	num_reg: 10  	lose cover RAM: 0G
kern  :info  : [    0.001114]  gran_size: 256K 	chunk_size: 128M 	num_reg: 10  	lose cover RAM: 0G
kern  :info  : [    0.001115]  gran_size: 256K 	chunk_size: 256M 	num_reg: 10  	lose cover RAM: 0G
kern  :info  : [    0.001117]  gran_size: 256K 	chunk_size: 512M 	num_reg: 10  	lose cover RAM: 0G
kern  :info  : [    0.001118]  gran_size: 256K 	chunk_size: 1G 	num_reg: 10  	lose cover RAM: 0G
kern  :info  : [    0.001120]  gran_size: 256K 	chunk_size: 2G 	num_reg: 10  	lose cover RAM: 0G
kern  :info  : [    0.001121]  gran_size: 512K 	chunk_size: 512K 	num_reg: 10  	lose cover RAM: 482G
kern  :info  : [    0.001123]  gran_size: 512K 	chunk_size: 1M 	num_reg: 10  	lose cover RAM: 482G
kern  :info  : [    0.001124]  gran_size: 512K 	chunk_size: 2M 	num_reg: 10  	lose cover RAM: 482G
kern  :info  : [    0.001126]  gran_size: 512K 	chunk_size: 4M 	num_reg: 10  	lose cover RAM: 482G
kern  :info  : [    0.001128]  gran_size: 512K 	chunk_size: 8M 	num_reg: 10  	lose cover RAM: 482G
kern  :info  : [    0.001129]  gran_size: 512K 	chunk_size: 16M 	num_reg: 10  	lose cover RAM: 482G
kern  :info  : [    0.001131]  gran_size: 512K 	chunk_size: 32M 	num_reg: 10  	lose cover RAM: 0G
kern  :info  : [    0.001132]  gran_size: 512K 	chunk_size: 64M 	num_reg: 10  	lose cover RAM: 0G
kern  :info  : [    0.001134]  gran_size: 512K 	chunk_size: 128M 	num_reg: 10  	lose cover RAM: 0G
kern  :info  : [    0.001135]  gran_size: 512K 	chunk_size: 256M 	num_reg: 10  	lose cover RAM: 0G
kern  :info  : [    0.001137]  gran_size: 512K 	chunk_size: 512M 	num_reg: 10  	lose cover RAM: 0G
kern  :info  : [    0.001138]  gran_size: 512K 	chunk_size: 1G 	num_reg: 10  	lose cover RAM: 0G
kern  :info  : [    0.001140]  gran_size: 512K 	chunk_size: 2G 	num_reg: 10  	lose cover RAM: 0G
kern  :info  : [    0.001142]  gran_size: 1M 	chunk_size: 1M 	num_reg: 10  	lose cover RAM: 482G
kern  :info  : [    0.001143]  gran_size: 1M 	chunk_size: 2M 	num_reg: 10  	lose cover RAM: 482G
kern  :info  : [    0.001145]  gran_size: 1M 	chunk_size: 4M 	num_reg: 10  	lose cover RAM: 482G
kern  :info  : [    0.001146]  gran_size: 1M 	chunk_size: 8M 	num_reg: 10  	lose cover RAM: 482G
kern  :info  : [    0.001148]  gran_size: 1M 	chunk_size: 16M 	num_reg: 10  	lose cover RAM: 482G
kern  :info  : [    0.001149]  gran_size: 1M 	chunk_size: 32M 	num_reg: 10  	lose cover RAM: 0G
kern  :info  : [    0.001151]  gran_size: 1M 	chunk_size: 64M 	num_reg: 10  	lose cover RAM: 0G
kern  :info  : [    0.001153]  gran_size: 1M 	chunk_size: 128M 	num_reg: 10  	lose cover RAM: 0G
kern  :info  : [    0.001154]  gran_size: 1M 	chunk_size: 256M 	num_reg: 10  	lose cover RAM: 0G
kern  :info  : [    0.001156]  gran_size: 1M 	chunk_size: 512M 	num_reg: 10  	lose cover RAM: 0G
kern  :info  : [    0.001158]  gran_size: 1M 	chunk_size: 1G 	num_reg: 10  	lose cover RAM: 0G
kern  :info  : [    0.001160]  gran_size: 1M 	chunk_size: 2G 	num_reg: 10  	lose cover RAM: 0G
kern  :info  : [    0.001161]  gran_size: 2M 	chunk_size: 2M 	num_reg: 10  	lose cover RAM: 482G
kern  :info  : [    0.001163]  gran_size: 2M 	chunk_size: 4M 	num_reg: 10  	lose cover RAM: 482G
kern  :info  : [    0.001165]  gran_size: 2M 	chunk_size: 8M 	num_reg: 10  	lose cover RAM: 482G
kern  :info  : [    0.001166]  gran_size: 2M 	chunk_size: 16M 	num_reg: 10  	lose cover RAM: 482G
kern  :info  : [    0.001168]  gran_size: 2M 	chunk_size: 32M 	num_reg: 10  	lose cover RAM: 0G
kern  :info  : [    0.001169]  gran_size: 2M 	chunk_size: 64M 	num_reg: 10  	lose cover RAM: 0G
kern  :info  : [    0.001171]  gran_size: 2M 	chunk_size: 128M 	num_reg: 10  	lose cover RAM: 0G
kern  :info  : [    0.001172]  gran_size: 2M 	chunk_size: 256M 	num_reg: 10  	lose cover RAM: 0G
kern  :info  : [    0.001174]  gran_size: 2M 	chunk_size: 512M 	num_reg: 10  	lose cover RAM: 0G
kern  :info  : [    0.001175]  gran_size: 2M 	chunk_size: 1G 	num_reg: 10  	lose cover RAM: 0G
kern  :info  : [    0.001177]  gran_size: 2M 	chunk_size: 2G 	num_reg: 10  	lose cover RAM: 0G
kern  :info  : [    0.001179]  gran_size: 4M 	chunk_size: 4M 	num_reg: 10  	lose cover RAM: 482G
kern  :info  : [    0.001180]  gran_size: 4M 	chunk_size: 8M 	num_reg: 10  	lose cover RAM: 482G
kern  :info  : [    0.001182]  gran_size: 4M 	chunk_size: 16M 	num_reg: 10  	lose cover RAM: 482G
kern  :info  : [    0.001183]  gran_size: 4M 	chunk_size: 32M 	num_reg: 10  	lose cover RAM: 0G
kern  :info  : [    0.001185]  gran_size: 4M 	chunk_size: 64M 	num_reg: 10  	lose cover RAM: 0G
kern  :info  : [    0.001186]  gran_size: 4M 	chunk_size: 128M 	num_reg: 10  	lose cover RAM: 0G
kern  :info  : [    0.001188]  gran_size: 4M 	chunk_size: 256M 	num_reg: 10  	lose cover RAM: 0G
kern  :info  : [    0.001189]  gran_size: 4M 	chunk_size: 512M 	num_reg: 10  	lose cover RAM: 0G
kern  :info  : [    0.001191]  gran_size: 4M 	chunk_size: 1G 	num_reg: 10  	lose cover RAM: 0G
kern  :info  : [    0.001192]  gran_size: 4M 	chunk_size: 2G 	num_reg: 10  	lose cover RAM: 0G
kern  :info  : [    0.001194]  gran_size: 8M 	chunk_size: 8M 	num_reg: 10  	lose cover RAM: 482G
kern  :info  : [    0.001195]  gran_size: 8M 	chunk_size: 16M 	num_reg: 10  	lose cover RAM: 482G
kern  :info  : [    0.001197]  gran_size: 8M 	chunk_size: 32M 	num_reg: 10  	lose cover RAM: 0G
kern  :info  : [    0.001198]  gran_size: 8M 	chunk_size: 64M 	num_reg: 10  	lose cover RAM: 0G
kern  :info  : [    0.001200]  gran_size: 8M 	chunk_size: 128M 	num_reg: 10  	lose cover RAM: 0G
kern  :info  : [    0.001201]  gran_size: 8M 	chunk_size: 256M 	num_reg: 10  	lose cover RAM: 0G
kern  :info  : [    0.001203]  gran_size: 8M 	chunk_size: 512M 	num_reg: 10  	lose cover RAM: 0G
kern  :info  : [    0.001205]  gran_size: 8M 	chunk_size: 1G 	num_reg: 10  	lose cover RAM: 0G
kern  :info  : [    0.001206]  gran_size: 8M 	chunk_size: 2G 	num_reg: 10  	lose cover RAM: 0G
kern  :info  : [    0.001208]  gran_size: 16M 	chunk_size: 16M 	num_reg: 10  	lose cover RAM: 482G
kern  :info  : [    0.001209]  gran_size: 16M 	chunk_size: 32M 	num_reg: 10  	lose cover RAM: 0G
kern  :info  : [    0.001211]  gran_size: 16M 	chunk_size: 64M 	num_reg: 10  	lose cover RAM: 0G
kern  :info  : [    0.001212]  gran_size: 16M 	chunk_size: 128M 	num_reg: 10  	lose cover RAM: 0G
kern  :info  : [    0.001214]  gran_size: 16M 	chunk_size: 256M 	num_reg: 10  	lose cover RAM: 0G
kern  :info  : [    0.001215]  gran_size: 16M 	chunk_size: 512M 	num_reg: 10  	lose cover RAM: 0G
kern  :info  : [    0.001217]  gran_size: 16M 	chunk_size: 1G 	num_reg: 10  	lose cover RAM: 0G
kern  :info  : [    0.001218]  gran_size: 16M 	chunk_size: 2G 	num_reg: 10  	lose cover RAM: 0G
kern  :info  : [    0.001220]  gran_size: 32M 	chunk_size: 32M 	num_reg: 10  	lose cover RAM: 460816M
kern  :info  : [    0.001222]  gran_size: 32M 	chunk_size: 64M 	num_reg: 10  	lose cover RAM: 16M
kern  :info  : [    0.001223]  gran_size: 32M 	chunk_size: 128M 	num_reg: 10  	lose cover RAM: 16M
kern  :info  : [    0.001225]  gran_size: 32M 	chunk_size: 256M 	num_reg: 10  	lose cover RAM: 16M
kern  :info  : [    0.001227]  gran_size: 32M 	chunk_size: 512M 	num_reg: 10  	lose cover RAM: 16M
kern  :info  : [    0.001228]  gran_size: 32M 	chunk_size: 1G 	num_reg: 10  	lose cover RAM: 16M
kern  :info  : [    0.001230]  gran_size: 32M 	chunk_size: 2G 	num_reg: 10  	lose cover RAM: 16M
kern  :info  : [    0.001232]  gran_size: 64M 	chunk_size: 64M 	num_reg: 10  	lose cover RAM: 395312M
kern  :info  : [    0.001233]  gran_size: 64M 	chunk_size: 128M 	num_reg: 10  	lose cover RAM: 48M
kern  :info  : [    0.001235]  gran_size: 64M 	chunk_size: 256M 	num_reg: 10  	lose cover RAM: 48M
kern  :info  : [    0.001237]  gran_size: 64M 	chunk_size: 512M 	num_reg: 10  	lose cover RAM: 48M
kern  :info  : [    0.001238]  gran_size: 64M 	chunk_size: 1G 	num_reg: 10  	lose cover RAM: 48M
kern  :info  : [    0.001240]  gran_size: 64M 	chunk_size: 2G 	num_reg: 10  	lose cover RAM: 48M
kern  :info  : [    0.001241]  gran_size: 128M 	chunk_size: 128M 	num_reg: 10  	lose cover RAM: 264304M
kern  :info  : [    0.001243]  gran_size: 128M 	chunk_size: 256M 	num_reg: 10  	lose cover RAM: 112M
kern  :info  : [    0.001245]  gran_size: 128M 	chunk_size: 512M 	num_reg: 10  	lose cover RAM: 112M
kern  :info  : [    0.001246]  gran_size: 128M 	chunk_size: 1G 	num_reg: 10  	lose cover RAM: 112M
kern  :info  : [    0.001248]  gran_size: 128M 	chunk_size: 2G 	num_reg: 10  	lose cover RAM: 112M
kern  :info  : [    0.001249]  gran_size: 256M 	chunk_size: 256M 	num_reg: 10  	lose cover RAM: 2288M
kern  :info  : [    0.001251]  gran_size: 256M 	chunk_size: 512M 	num_reg: 10  	lose cover RAM: 240M
kern  :info  : [    0.001253]  gran_size: 256M 	chunk_size: 1G 	num_reg: 10  	lose cover RAM: 240M
kern  :info  : [    0.001254]  gran_size: 256M 	chunk_size: 2G 	num_reg: 10  	lose cover RAM: 240M
kern  :info  : [    0.001256]  gran_size: 512M 	chunk_size: 512M 	num_reg: 10  	lose cover RAM: 496M
kern  :info  : [    0.001257]  gran_size: 512M 	chunk_size: 1G 	num_reg: 10  	lose cover RAM: 496M
kern  :info  : [    0.001259]  gran_size: 512M 	chunk_size: 2G 	num_reg: 10  	lose cover RAM: 496M
kern  :info  : [    0.001260]  gran_size: 1G 	chunk_size: 1G 	num_reg: 9  	lose cover RAM: 1008M
kern  :info  : [    0.001262]  gran_size: 1G 	chunk_size: 2G 	num_reg: 9  	lose cover RAM: 1008M
kern  :info  : [    0.001264]  gran_size: 2G 	chunk_size: 2G 	num_reg: 8  	lose cover RAM: 2032M
kern  :info  : [    0.001265] mtrr_cleanup: can not find optimal value
kern  :info  : [    0.001266] please specify mtrr_gran_size/mtrr_chunk_size
kern  :debug : [    0.001269] e820: update [mem 0x7f000000-0xffffffff] usable ==> reserved
kern  :info  : [    0.001273] last_pfn = 0x6f800 max_arch_pfn = 0x400000000
kern  :info  : [    0.009137] Using GB pages for direct mapping
kern  :info  : [    0.009968] Secure boot disabled
kern  :info  : [    0.009969] RAMDISK: [mem 0x3ea9d000-0x3fffdfff]
kern  :info  : [    0.009971] ACPI: Early table checksum verification disabled
kern  :info  : [    0.009973] ACPI: RSDP 0x000000006F7FE014 000024 (v02 DELL  )
kern  :info  : [    0.009977] ACPI: XSDT 0x000000006F405188 0000F4 (v01 DELL   PE_SC3   00000000      01000013)
kern  :info  : [    0.009983] ACPI: FACP 0x000000006F7F8000 000114 (v06 DELL   PE_SC3   00000000 DELL 00000001)
kern  :info  : [    0.009988] ACPI: DSDT 0x000000006F506000 2E2605 (v02 DELL   PE_SC3   00000003 DELL 00000001)
kern  :info  : [    0.009991] ACPI: FACS 0x000000006ECEE000 000040
kern  :info  : [    0.009994] ACPI: SSDT 0x000000006F7FC000 00046C (v02 INTEL  ADDRXLAT 00000001 INTL 20180508)
kern  :info  : [    0.009997] ACPI: MCEJ 0x000000006F7FB000 000130 (v01 DELL   PE_SC3   00000002 DELL 00000001)
kern  :info  : [    0.010000] ACPI: WD__ 0x000000006F7FA000 000134 (v01 DELL   PE_SC3   00000001 DELL 00000001)
kern  :info  : [    0.010003] ACPI: SLIC 0x000000006F7F9000 000024 (v01 DELL   PE_SC3   00000001 DELL 00000001)
kern  :info  : [    0.010007] ACPI: HPET 0x000000006F7F7000 000038 (v01 DELL   PE_SC3   00000001 DELL 00000001)
kern  :info  : [    0.010010] ACPI: APIC 0x000000006F7F5000 0016DE (v04 DELL   PE_SC3   00000000 DELL 00000001)
kern  :info  : [    0.010013] ACPI: MCFG 0x000000006F7F4000 00003C (v01 DELL   PE_SC3   00000001 DELL 00000001)
kern  :info  : [    0.010016] ACPI: MIGT 0x000000006F7F3000 000040 (v01 DELL   PE_SC3   00000000 DELL 00000001)
kern  :info  : [    0.010019] ACPI: MSCT 0x000000006F7F2000 000090 (v01 DELL   PE_SC3   00000001 DELL 00000001)
kern  :info  : [    0.010022] ACPI: PCAT 0x000000006F7F1000 000088 (v02 DELL   PE_SC3   00000002 DELL 00000001)
kern  :info  : [    0.010025] ACPI: PCCT 0x000000006F7F0000 00006E (v01 DELL   PE_SC3   00000002 DELL 00000001)
kern  :info  : [    0.010028] ACPI: RASF 0x000000006F7EF000 000030 (v01 DELL   PE_SC3   00000001 DELL 00000001)
kern  :info  : [    0.010031] ACPI: SLIT 0x000000006F7EE000 00042C (v01 DELL   PE_SC3   00000001 DELL 00000001)
kern  :info  : [    0.010034] ACPI: SRAT 0x000000006F7EB000 002D30 (v03 DELL   PE_SC3   00000002 DELL 00000001)
kern  :info  : [    0.010037] ACPI: SVOS 0x000000006F7EA000 000032 (v01 DELL   PE_SC3   00000000 DELL 00000001)
kern  :info  : [    0.010040] ACPI: WSMT 0x000000006F7E9000 000028 (v01 DELL   PE_SC3   00000000 DELL 00000001)
kern  :info  : [    0.010043] ACPI: OEM4 0x000000006F458000 0AD1C1 (v02 INTEL  CPU  CST 00003000 INTL 20180508)
kern  :info  : [    0.010046] ACPI: SSDT 0x000000006F420000 037465 (v02 INTEL  SSDT  PM 00004000 INTL 20180508)
kern  :info  : [    0.010049] ACPI: SSDT 0x000000006F406000 000A1F (v02 DELL   PE_SC3   00000000 DELL 00000001)
kern  :info  : [    0.010053] ACPI: SSDT 0x000000006F41C000 00357F (v02 INTEL  SpsNm    00000002 INTL 20180508)
kern  :info  : [    0.010056] ACPI: DMAR 0x000000006F7FD000 0001D0 (v01 DELL   PE_SC3   00000001 DELL 00000001)
kern  :info  : [    0.010059] ACPI: HEST 0x000000006F41B000 00017C (v01 DELL   PE_SC3   00000002 DELL 00000001)
kern  :info  : [    0.010062] ACPI: BERT 0x000000006F41A000 000030 (v01 DELL   PE_SC3   00000002 DELL 00000001)
kern  :info  : [    0.010065] ACPI: ERST 0x000000006F419000 000230 (v01 DELL   PE_SC3   00000002 DELL 00000001)
kern  :info  : [    0.010068] ACPI: EINJ 0x000000006F418000 000150 (v01 DELL   PE_SC3   00000002 DELL 00000001)
kern  :info  : [    0.010070] ACPI: Reserving FACP table memory at [mem 0x6f7f8000-0x6f7f8113]
kern  :info  : [    0.010072] ACPI: Reserving DSDT table memory at [mem 0x6f506000-0x6f7e8604]
kern  :info  : [    0.010073] ACPI: Reserving FACS table memory at [mem 0x6ecee000-0x6ecee03f]
kern  :info  : [    0.010075] ACPI: Reserving SSDT table memory at [mem 0x6f7fc000-0x6f7fc46b]
kern  :info  : [    0.010076] ACPI: Reserving MCEJ table memory at [mem 0x6f7fb000-0x6f7fb12f]
kern  :info  : [    0.010077] ACPI: Reserving WD__ table memory at [mem 0x6f7fa000-0x6f7fa133]
kern  :info  : [    0.010078] ACPI: Reserving SLIC table memory at [mem 0x6f7f9000-0x6f7f9023]
kern  :info  : [    0.010079] ACPI: Reserving HPET table memory at [mem 0x6f7f7000-0x6f7f7037]
kern  :info  : [    0.010080] ACPI: Reserving APIC table memory at [mem 0x6f7f5000-0x6f7f66dd]
kern  :info  : [    0.010081] ACPI: Reserving MCFG table memory at [mem 0x6f7f4000-0x6f7f403b]
kern  :info  : [    0.010082] ACPI: Reserving MIGT table memory at [mem 0x6f7f3000-0x6f7f303f]
kern  :info  : [    0.010083] ACPI: Reserving MSCT table memory at [mem 0x6f7f2000-0x6f7f208f]
kern  :info  : [    0.010085] ACPI: Reserving PCAT table memory at [mem 0x6f7f1000-0x6f7f1087]
kern  :info  : [    0.010086] ACPI: Reserving PCCT table memory at [mem 0x6f7f0000-0x6f7f006d]
kern  :info  : [    0.010087] ACPI: Reserving RASF table memory at [mem 0x6f7ef000-0x6f7ef02f]
kern  :info  : [    0.010088] ACPI: Reserving SLIT table memory at [mem 0x6f7ee000-0x6f7ee42b]
kern  :info  : [    0.010089] ACPI: Reserving SRAT table memory at [mem 0x6f7eb000-0x6f7edd2f]
kern  :info  : [    0.010090] ACPI: Reserving SVOS table memory at [mem 0x6f7ea000-0x6f7ea031]
kern  :info  : [    0.010091] ACPI: Reserving WSMT table memory at [mem 0x6f7e9000-0x6f7e9027]
kern  :info  : [    0.010092] ACPI: Reserving OEM4 table memory at [mem 0x6f458000-0x6f5051c0]
kern  :info  : [    0.010094] ACPI: Reserving SSDT table memory at [mem 0x6f420000-0x6f457464]
kern  :info  : [    0.010095] ACPI: Reserving SSDT table memory at [mem 0x6f406000-0x6f406a1e]
kern  :info  : [    0.010096] ACPI: Reserving SSDT table memory at [mem 0x6f41c000-0x6f41f57e]
kern  :info  : [    0.010097] ACPI: Reserving DMAR table memory at [mem 0x6f7fd000-0x6f7fd1cf]
kern  :info  : [    0.010098] ACPI: Reserving HEST table memory at [mem 0x6f41b000-0x6f41b17b]
kern  :info  : [    0.010099] ACPI: Reserving BERT table memory at [mem 0x6f41a000-0x6f41a02f]
kern  :info  : [    0.010101] ACPI: Reserving ERST table memory at [mem 0x6f419000-0x6f41922f]
kern  :info  : [    0.010102] ACPI: Reserving EINJ table memory at [mem 0x6f418000-0x6f41814f]
kern  :info  : [    0.010190] SRAT: PXM 0 -> APIC 0x00 -> Node 0
kern  :info  : [    0.010192] SRAT: PXM 1 -> APIC 0x40 -> Node 1
kern  :info  : [    0.010193] SRAT: PXM 0 -> APIC 0x08 -> Node 0
kern  :info  : [    0.010194] SRAT: PXM 1 -> APIC 0x48 -> Node 1
kern  :info  : [    0.010195] SRAT: PXM 0 -> APIC 0x02 -> Node 0
kern  :info  : [    0.010196] SRAT: PXM 1 -> APIC 0x42 -> Node 1
kern  :info  : [    0.010197] SRAT: PXM 0 -> APIC 0x06 -> Node 0
kern  :info  : [    0.010198] SRAT: PXM 1 -> APIC 0x46 -> Node 1
kern  :info  : [    0.010198] SRAT: PXM 0 -> APIC 0x04 -> Node 0
kern  :info  : [    0.010199] SRAT: PXM 1 -> APIC 0x44 -> Node 1
kern  :info  : [    0.010200] SRAT: PXM 0 -> APIC 0x18 -> Node 0
kern  :info  : [    0.010201] SRAT: PXM 1 -> APIC 0x58 -> Node 1
kern  :info  : [    0.010202] SRAT: PXM 0 -> APIC 0x10 -> Node 0
kern  :info  : [    0.010203] SRAT: PXM 1 -> APIC 0x50 -> Node 1
kern  :info  : [    0.010204] SRAT: PXM 0 -> APIC 0x16 -> Node 0
kern  :info  : [    0.010204] SRAT: PXM 1 -> APIC 0x56 -> Node 1
kern  :info  : [    0.010205] SRAT: PXM 0 -> APIC 0x12 -> Node 0
kern  :info  : [    0.010206] SRAT: PXM 1 -> APIC 0x52 -> Node 1
kern  :info  : [    0.010207] SRAT: PXM 0 -> APIC 0x14 -> Node 0
kern  :info  : [    0.010208] SRAT: PXM 1 -> APIC 0x54 -> Node 1
kern  :info  : [    0.010208] SRAT: PXM 0 -> APIC 0x20 -> Node 0
kern  :info  : [    0.010209] SRAT: PXM 1 -> APIC 0x60 -> Node 1
kern  :info  : [    0.010210] SRAT: PXM 0 -> APIC 0x28 -> Node 0
kern  :info  : [    0.010211] SRAT: PXM 1 -> APIC 0x68 -> Node 1
kern  :info  : [    0.010212] SRAT: PXM 0 -> APIC 0x22 -> Node 0
kern  :info  : [    0.010212] SRAT: PXM 1 -> APIC 0x62 -> Node 1
kern  :info  : [    0.010213] SRAT: PXM 0 -> APIC 0x26 -> Node 0
kern  :info  : [    0.010214] SRAT: PXM 1 -> APIC 0x66 -> Node 1
kern  :info  : [    0.010215] SRAT: PXM 0 -> APIC 0x24 -> Node 0
kern  :info  : [    0.010216] SRAT: PXM 1 -> APIC 0x64 -> Node 1
kern  :info  : [    0.010216] SRAT: PXM 0 -> APIC 0x38 -> Node 0
kern  :info  : [    0.010217] SRAT: PXM 1 -> APIC 0x78 -> Node 1
kern  :info  : [    0.010218] SRAT: PXM 0 -> APIC 0x30 -> Node 0
kern  :info  : [    0.010219] SRAT: PXM 1 -> APIC 0x70 -> Node 1
kern  :info  : [    0.010220] SRAT: PXM 0 -> APIC 0x36 -> Node 0
kern  :info  : [    0.010220] SRAT: PXM 1 -> APIC 0x76 -> Node 1
kern  :info  : [    0.010221] SRAT: PXM 0 -> APIC 0x32 -> Node 0
kern  :info  : [    0.010222] SRAT: PXM 1 -> APIC 0x72 -> Node 1
kern  :info  : [    0.010223] SRAT: PXM 0 -> APIC 0x34 -> Node 0
kern  :info  : [    0.010224] SRAT: PXM 1 -> APIC 0x74 -> Node 1
kern  :info  : [    0.010238] ACPI: SRAT: Node 0 PXM 0 [mem 0x00000000-0x7fffffff]
kern  :info  : [    0.010240] ACPI: SRAT: Node 0 PXM 0 [mem 0x100000000-0x407fffffff]
kern  :info  : [    0.010242] ACPI: SRAT: Node 1 PXM 1 [mem 0x4080000000-0x807fffffff]
kern  :debug : [    0.010247] NUMA: Initialized distance table, cnt=2
kern  :info  : [    0.010250] NUMA: Node 0 [mem 0x00000000-0x7fffffff] + [mem 0x100000000-0x407fffffff] -> [mem 0x00000000-0x407fffffff]
kern  :info  : [    0.010256] NODE_DATA(0) allocated [mem 0x407fffb000-0x407fffffff]
kern  :info  : [    0.010261] NODE_DATA(1) allocated [mem 0x807fffa000-0x807fffefff]
kern  :warn  : [    0.010270] crashkernel: memory value expected
kern  :info  : [    0.010867] Zone ranges:
kern  :info  : [    0.010867]   DMA      [mem 0x0000000000001000-0x0000000000ffffff]
kern  :info  : [    0.010869]   DMA32    [mem 0x0000000001000000-0x00000000ffffffff]
kern  :info  : [    0.010871]   Normal   [mem 0x0000000100000000-0x000000807fffffff]
kern  :info  : [    0.010873]   Device   empty
kern  :info  : [    0.010874] Movable zone start for each node
kern  :info  : [    0.010875] Early memory node ranges
kern  :info  : [    0.010875]   node   0: [mem 0x0000000000001000-0x000000000009ffff]
kern  :info  : [    0.010877]   node   0: [mem 0x0000000000100000-0x0000000046e8afff]
kern  :info  : [    0.010878]   node   0: [mem 0x0000000046f6f000-0x0000000046ffafff]
kern  :info  : [    0.010879]   node   0: [mem 0x00000000470df000-0x000000005dafefff]
kern  :info  : [    0.010880]   node   0: [mem 0x000000006f7ff000-0x000000006f7fffff]
kern  :info  : [    0.010881]   node   0: [mem 0x0000000100000000-0x000000407fffffff]
kern  :info  : [    0.010908]   node   1: [mem 0x0000004080000000-0x000000807fffffff]
kern  :info  : [    0.010935] Initmem setup node 0 [mem 0x0000000000001000-0x000000407fffffff]
kern  :info  : [    0.010938] Initmem setup node 1 [mem 0x0000004080000000-0x000000807fffffff]
kern  :info  : [    0.010943] On node 0, zone DMA: 1 pages in unavailable ranges
kern  :info  : [    0.010996] On node 0, zone DMA: 96 pages in unavailable ranges
kern  :info  : [    0.014970] On node 0, zone DMA32: 228 pages in unavailable ranges
kern  :info  : [    0.016271] On node 0, zone DMA32: 228 pages in unavailable ranges
kern  :info  : [    0.016886] On node 0, zone DMA32: 40192 pages in unavailable ranges
kern  :info  : [    0.017406] On node 0, zone Normal: 2048 pages in unavailable ranges
kern  :info  : [    0.017994] ACPI: PM-Timer IO Port: 0x508
kern  :info  : [    0.018018] ACPI: X2APIC_NMI (uid[0xffffffff] high level lint[0x1])
kern  :info  : [    0.018023] ACPI: LAPIC_NMI (acpi_id[0xff] high level lint[0x1])
kern  :info  : [    0.018043] IOAPIC[0]: apic_id 8, version 32, address 0xfec00000, GSI 0-23
kern  :info  : [    0.018048] IOAPIC[1]: apic_id 9, version 32, address 0xfec01000, GSI 24-31
kern  :info  : [    0.018052] IOAPIC[2]: apic_id 10, version 32, address 0xfec08000, GSI 32-39
kern  :info  : [    0.018056] IOAPIC[3]: apic_id 11, version 32, address 0xfec10000, GSI 40-47
kern  :info  : [    0.018061] IOAPIC[4]: apic_id 12, version 32, address 0xfec18000, GSI 48-55
kern  :info  : [    0.018065] IOAPIC[5]: apic_id 15, version 32, address 0xfec20000, GSI 72-79
kern  :info  : [    0.018070] IOAPIC[6]: apic_id 16, version 32, address 0xfec28000, GSI 80-87
kern  :info  : [    0.018075] IOAPIC[7]: apic_id 17, version 32, address 0xfec30000, GSI 88-95
kern  :info  : [    0.018079] IOAPIC[8]: apic_id 18, version 32, address 0xfec38000, GSI 96-103
kern  :info  : [    0.018085] ACPI: INT_SRC_OVR (bus 0 bus_irq 0 global_irq 2 dfl dfl)
kern  :info  : [    0.018087] ACPI: INT_SRC_OVR (bus 0 bus_irq 9 global_irq 9 high level)
kern  :info  : [    0.018096] ACPI: Using ACPI (MADT) for SMP configuration information
kern  :info  : [    0.018097] ACPI: HPET id: 0x8086a701 base: 0xfed00000
kern  :info  : [    0.018100] TSC deadline timer available
kern  :info  : [    0.018101] smpboot: Allowing 40 CPUs, 0 hotplug CPUs
kern  :info  : [    0.018124] PM: hibernation: Registered nosave memory: [mem 0x00000000-0x00000fff]
kern  :info  : [    0.018126] PM: hibernation: Registered nosave memory: [mem 0x000a0000-0x000fffff]
kern  :info  : [    0.018129] PM: hibernation: Registered nosave memory: [mem 0x4572e000-0x4572efff]
kern  :info  : [    0.018131] PM: hibernation: Registered nosave memory: [mem 0x45738000-0x45738fff]
kern  :info  : [    0.018132] PM: hibernation: Registered nosave memory: [mem 0x45739000-0x45739fff]
kern  :info  : [    0.018133] PM: hibernation: Registered nosave memory: [mem 0x45795000-0x45795fff]
kern  :info  : [    0.018134] PM: hibernation: Registered nosave memory: [mem 0x45796000-0x45796fff]
kern  :info  : [    0.018136] PM: hibernation: Registered nosave memory: [mem 0x457f2000-0x457f2fff]
kern  :info  : [    0.018137] PM: hibernation: Registered nosave memory: [mem 0x457f3000-0x457f3fff]
kern  :info  : [    0.018139] PM: hibernation: Registered nosave memory: [mem 0x45851000-0x45851fff]
kern  :info  : [    0.018140] PM: hibernation: Registered nosave memory: [mem 0x45852000-0x45852fff]
kern  :info  : [    0.018142] PM: hibernation: Registered nosave memory: [mem 0x458b0000-0x458b0fff]
kern  :info  : [    0.018143] PM: hibernation: Registered nosave memory: [mem 0x458b1000-0x458b1fff]
kern  :info  : [    0.018145] PM: hibernation: Registered nosave memory: [mem 0x458c9000-0x458c9fff]
kern  :info  : [    0.018147] PM: hibernation: Registered nosave memory: [mem 0x458ca000-0x458cafff]
kern  :info  : [    0.018149] PM: hibernation: Registered nosave memory: [mem 0x458d2000-0x458d2fff]
kern  :info  : [    0.018151] PM: hibernation: Registered nosave memory: [mem 0x46e8b000-0x46f6efff]
kern  :info  : [    0.018153] PM: hibernation: Registered nosave memory: [mem 0x46ffb000-0x470defff]
kern  :info  : [    0.018155] PM: hibernation: Registered nosave memory: [mem 0x5daff000-0x6cffefff]
kern  :info  : [    0.018155] PM: hibernation: Registered nosave memory: [mem 0x6cfff000-0x6effefff]
kern  :info  : [    0.018156] PM: hibernation: Registered nosave memory: [mem 0x6efff000-0x6f7fefff]
kern  :info  : [    0.018158] PM: hibernation: Registered nosave memory: [mem 0x6f800000-0x8fffffff]
kern  :info  : [    0.018159] PM: hibernation: Registered nosave memory: [mem 0x90000000-0xfdffffff]
kern  :info  : [    0.018160] PM: hibernation: Registered nosave memory: [mem 0xfe000000-0xfe010fff]
kern  :info  : [    0.018161] PM: hibernation: Registered nosave memory: [mem 0xfe011000-0xffffffff]
kern  :info  : [    0.018163] [mem 0x90000000-0xfdffffff] available for PCI devices
kern  :info  : [    0.018165] Booting paravirtualized kernel on bare hardware
kern  :info  : [    0.018167] clocksource: refined-jiffies: mask: 0xffffffff max_cycles: 0xffffffff, max_idle_ns: 1910969940391419 ns
kern  :info  : [    0.022664] setup_percpu: NR_CPUS:64 nr_cpumask_bits:64 nr_cpu_ids:40 nr_node_ids:2
kern  :info  : [    0.025608] percpu: Embedded 60 pages/cpu s208896 r8192 d28672 u262144
kern  :debug : [    0.025618] pcpu-alloc: s208896 r8192 d28672 u262144 alloc=1*2097152
kern  :debug : [    0.025621] pcpu-alloc: [0] 00 02 04 06 08 10 12 14 [0] 16 18 20 22 24 26 28 30 
kern  :debug : [    0.025631] pcpu-alloc: [0] 32 34 36 38 -- -- -- -- [1] 01 03 05 07 09 11 13 15 
kern  :debug : [    0.025641] pcpu-alloc: [1] 17 19 21 23 25 27 29 31 [1] 33 35 37 39 -- -- -- -- 
kern  :info  : [    0.025674] Fallback order for Node 0: 0 1 
kern  :info  : [    0.025677] Fallback order for Node 1: 1 0 
kern  :info  : [    0.025682] Built 2 zonelists, mobility grouping on.  Total pages: 131980499
kern  :info  : [    0.025683] Policy zone: Normal
kern  :notice: [    0.025684] Kernel command line: BOOT_IMAGE=/vmlinuz-5.18.18-opimq-pin root=/dev/mapper/centos-root ro crashkernel=auto spectre_v2=retpoline rd.lvm.lv=centos/root rd.lvm.lv=centos/swap rhgb quiet LANG=en_US.UTF-8
kern  :notice: [    0.025864] Unknown kernel command line parameters "rhgb BOOT_IMAGE=/vmlinuz-5.18.18-opimq-pin spectre_v2=retpoline LANG=en_US.UTF-8", will be passed to user space.
kern  :info  : [    0.026233] mem auto-init: stack:off, heap alloc:off, heap free:off
kern  :info  : [    0.194325] Memory: 1592788K/536306524K available (12294K kernel code, 5121K rwdata, 3384K rodata, 2056K init, 5252K bss, 8630028K reserved, 0K cma-reserved)
kern  :info  : [    0.194773] SLUB: HWalign=64, Order=0-3, MinObjects=0, CPUs=40, Nodes=2
kern  :info  : [    0.194797] ftrace: allocating 41250 entries in 162 pages
kern  :info  : [    0.202735] ftrace: allocated 162 pages with 3 groups
kern  :info  : [    0.203406] Dynamic Preempt: voluntary
kern  :info  : [    0.203533] rcu: Preemptible hierarchical RCU implementation.
kern  :info  : [    0.203534] rcu: 	RCU restricting CPUs from NR_CPUS=64 to nr_cpu_ids=40.
kern  :info  : [    0.203536] 	Trampoline variant of Tasks RCU enabled.
kern  :info  : [    0.203537] 	Rude variant of Tasks RCU enabled.
kern  :info  : [    0.203537] 	Tracing variant of Tasks RCU enabled.
kern  :info  : [    0.203538] rcu: RCU calculated value of scheduler-enlistment delay is 100 jiffies.
kern  :info  : [    0.203539] rcu: Adjusting geometry for rcu_fanout_leaf=16, nr_cpu_ids=40
kern  :info  : [    0.208011] NR_IRQS: 4352, nr_irqs: 2104, preallocated irqs: 16
kern  :info  : [    0.208463] Console: colour dummy device 80x25
kern  :info  : [    0.208498] printk: console [tty0] enabled
kern  :info  : [    0.208584] mempolicy: Enabling automatic NUMA balancing. Configure with numa_balancing= or the kernel.numa_balancing sysctl
kern  :info  : [    0.208589] ACPI: Core revision 20211217
kern  :info  : [    0.211629] clocksource: hpet: mask: 0xffffffff max_cycles: 0xffffffff, max_idle_ns: 79635855245 ns
kern  :info  : [    0.211674] APIC: Switch to symmetric I/O mode setup
kern  :info  : [    0.211676] DMAR: Host address width 46
kern  :info  : [    0.211677] DMAR: DRHD base: 0x000000d37fc000 flags: 0x0
kern  :info  : [    0.211682] DMAR: dmar0: reg_base_addr d37fc000 ver 1:0 cap 8d2078c106f0466 ecap f020df
kern  :info  : [    0.211685] DMAR: DRHD base: 0x000000e0ffc000 flags: 0x0
kern  :info  : [    0.211691] DMAR: dmar1: reg_base_addr e0ffc000 ver 1:0 cap 8d2078c106f0466 ecap f020df
kern  :info  : [    0.211693] DMAR: DRHD base: 0x000000ee7fc000 flags: 0x0
kern  :info  : [    0.211696] DMAR: dmar2: reg_base_addr ee7fc000 ver 1:0 cap 8d2078c106f0466 ecap f020df
kern  :info  : [    0.211699] DMAR: DRHD base: 0x000000fbffc000 flags: 0x0
kern  :info  : [    0.211702] DMAR: dmar3: reg_base_addr fbffc000 ver 1:0 cap 8d2078c106f0466 ecap f020df
kern  :info  : [    0.211704] DMAR: DRHD base: 0x000000aaffc000 flags: 0x0
kern  :info  : [    0.211707] DMAR: dmar4: reg_base_addr aaffc000 ver 1:0 cap 8d2078c106f0466 ecap f020df
kern  :info  : [    0.211709] DMAR: DRHD base: 0x000000b87fc000 flags: 0x0
kern  :info  : [    0.211712] DMAR: dmar5: reg_base_addr b87fc000 ver 1:0 cap 8d2078c106f0466 ecap f020df
kern  :info  : [    0.211713] DMAR: DRHD base: 0x000000c5ffc000 flags: 0x0
kern  :info  : [    0.211716] DMAR: dmar6: reg_base_addr c5ffc000 ver 1:0 cap 8d2078c106f0466 ecap f020df
kern  :info  : [    0.211718] DMAR: DRHD base: 0x0000009d7fc000 flags: 0x1
kern  :info  : [    0.211721] DMAR: dmar7: reg_base_addr 9d7fc000 ver 1:0 cap 8d2078c106f0466 ecap f020df
kern  :info  : [    0.211723] DMAR: RMRR base: 0x0000006ece0000 end: 0x0000006ece2fff
kern  :err   : [    0.211724] DMAR: [Firmware Bug]: No firmware reserved region can cover this RMRR [0x000000006ece0000-0x000000006ece2fff], contact BIOS vendor for fixes
kern  :warn  : [    0.211731] DMAR: [Firmware Bug]: Your BIOS is broken; bad RMRR [0x000000006ece0000-0x000000006ece2fff]
BIOS vendor: Dell Inc.; Ver: 2.3.10; Product Version: 
kern  :info  : [    0.211733] DMAR: ATSR flags: 0x0
kern  :info  : [    0.211734] DMAR: ATSR flags: 0x0
kern  :info  : [    0.211736] DMAR-IR: IOAPIC id 12 under DRHD base  0xc5ffc000 IOMMU 6
kern  :info  : [    0.211738] DMAR-IR: IOAPIC id 11 under DRHD base  0xb87fc000 IOMMU 5
kern  :info  : [    0.211739] DMAR-IR: IOAPIC id 10 under DRHD base  0xaaffc000 IOMMU 4
kern  :info  : [    0.211740] DMAR-IR: IOAPIC id 18 under DRHD base  0xfbffc000 IOMMU 3
kern  :info  : [    0.211741] DMAR-IR: IOAPIC id 17 under DRHD base  0xee7fc000 IOMMU 2
kern  :info  : [    0.211742] DMAR-IR: IOAPIC id 16 under DRHD base  0xe0ffc000 IOMMU 1
kern  :info  : [    0.211742] DMAR-IR: IOAPIC id 15 under DRHD base  0xd37fc000 IOMMU 0
kern  :info  : [    0.211744] DMAR-IR: IOAPIC id 8 under DRHD base  0x9d7fc000 IOMMU 7
kern  :info  : [    0.211745] DMAR-IR: IOAPIC id 9 under DRHD base  0x9d7fc000 IOMMU 7
kern  :info  : [    0.211746] DMAR-IR: HPET id 0 under DRHD base 0x9d7fc000
kern  :info  : [    0.211747] DMAR-IR: x2apic is disabled because BIOS sets x2apic opt out bit.
kern  :info  : [    0.211748] DMAR-IR: Use 'intremap=no_x2apic_optout' to override the BIOS setting.
kern  :info  : [    0.214504] DMAR-IR: Enabled IRQ remapping in xapic mode
kern  :info  : [    0.214506] x2apic: IRQ remapping doesn't support X2APIC mode
kern  :info  : [    0.214512] Switched APIC routing to physical flat.
kern  :info  : [    0.215548] ..TIMER: vector=0x30 apic1=0 pin1=2 apic2=-1 pin2=-1
kern  :info  : [    0.219640] clocksource: tsc-early: mask: 0xffffffffffffffff max_cycles: 0x1e4530a99b6, max_idle_ns: 440795257976 ns
kern  :info  : [    0.219645] Calibrating delay loop (skipped), value calculated using timer frequency.. 4200.00 BogoMIPS (lpj=2100000)
kern  :info  : [    0.219648] pid_max: default: 40960 minimum: 320
kern  :info  : [    0.223707] LSM: Security Framework initializing
kern  :info  : [    0.223722] Yama: becoming mindful.
kern  :info  : [    0.223731] SELinux:  Initializing.
kern  :info  : [    0.248486] Dentry cache hash table entries: 16777216 (order: 15, 134217728 bytes, vmalloc hugepage)
kern  :info  : [    0.260121] Inode-cache hash table entries: 8388608 (order: 14, 67108864 bytes, vmalloc hugepage)
kern  :info  : [    0.260543] Mount-cache hash table entries: 262144 (order: 9, 2097152 bytes, vmalloc)
kern  :info  : [    0.260918] Mountpoint-cache hash table entries: 262144 (order: 9, 2097152 bytes, vmalloc)
kern  :info  : [    0.261428] CPU0: Thermal monitoring enabled (TM1)
kern  :info  : [    0.261477] process: using mwait in idle threads
kern  :info  : [    0.261479] Last level iTLB entries: 4KB 128, 2MB 8, 4MB 8
kern  :info  : [    0.261481] Last level dTLB entries: 4KB 64, 2MB 0, 4MB 0, 1GB 4
kern  :info  : [    0.261485] Spectre V1 : Mitigation: usercopy/swapgs barriers and __user pointer sanitization
kern  :info  : [    0.261487] Spectre V2 : retpoline selected on command line.
kern  :info  : [    0.261488] Spectre V2 : Mitigation: Retpolines
kern  :info  : [    0.261489] Spectre V2 : Spectre v2 / SpectreRSB mitigation: Filling RSB on context switch
kern  :info  : [    0.261490] Spectre V2 : Spectre v2 / SpectreRSB : Filling RSB on VMEXIT
kern  :info  : [    0.261490] Spectre V2 : Enabling Restricted Speculation for firmware calls
kern  :err   : [    0.261491] RETBleed: WARNING: Spectre v2 mitigation leaves CPU vulnerable to RETBleed attacks, data leaks possible!
kern  :info  : [    0.261495] RETBleed: Vulnerable
kern  :info  : [    0.261497] Spectre V2 : mitigation: Enabling conditional Indirect Branch Prediction Barrier
kern  :info  : [    0.261498] Spectre V2 : User space: Mitigation: STIBP via prctl
kern  :info  : [    0.261499] Speculative Store Bypass: Mitigation: Speculative Store Bypass disabled via prctl
kern  :info  : [    0.261505] TAA: Vulnerable: Clear CPU buffers attempted, no microcode
kern  :info  : [    0.261506] MMIO Stale Data: Vulnerable: Clear CPU buffers attempted, no microcode
kern  :info  : [    0.274716] Freeing SMP alternatives memory: 36K
kern  :info  : [    0.275719] smpboot: Estimated ratio of average max frequency by base frequency (times 1024): 1804
kern  :info  : [    0.275733] smpboot: CPU0: Intel(R) Xeon(R) Gold 6230 CPU @ 2.10GHz (family: 0x6, model: 0x55, stepping: 0x7)
kern  :info  : [    0.275914] cblist_init_generic: Setting adjustable number of callback queues.
kern  :info  : [    0.275920] cblist_init_generic: Setting shift to 6 and lim to 1.
kern  :info  : [    0.275939] cblist_init_generic: Setting shift to 6 and lim to 1.
kern  :info  : [    0.275959] cblist_init_generic: Setting shift to 6 and lim to 1.
kern  :info  : [    0.275972] Performance Events: PEBS fmt3+, Skylake events, 32-deep LBR, full-width counters, Intel PMU driver.
kern  :info  : [    0.275996] ... version:                4
kern  :info  : [    0.275997] ... bit width:              48
kern  :info  : [    0.275998] ... generic registers:      8
kern  :info  : [    0.275999] ... value mask:             0000ffffffffffff
kern  :info  : [    0.276000] ... max period:             00007fffffffffff
kern  :info  : [    0.276001] ... fixed-purpose events:   3
kern  :info  : [    0.276001] ... event mask:             00000007000000ff
kern  :info  : [    0.276118] rcu: Hierarchical SRCU implementation.
kern  :info  : [    0.276892] smp: Bringing up secondary CPUs ...
kern  :info  : [    0.276996] x86: Booting SMP configuration:
kern  :info  : [    0.276996] .... node  #1, CPUs:        #1
kern  :info  : [    0.004263] smpboot: CPU 1 Converting physical 0 to logical die 1

kern  :info  : [    0.339738] .... node  #0, CPUs:    #2
kern  :info  : [    0.342141] .... node  #1, CPUs:    #3
kern  :info  : [    0.344663] .... node  #0, CPUs:    #4
kern  :info  : [    0.346823] .... node  #1, CPUs:    #5
kern  :info  : [    0.349134] .... node  #0, CPUs:    #6
kern  :info  : [    0.351433] .... node  #1, CPUs:    #7
kern  :info  : [    0.353732] .... node  #0, CPUs:    #8
kern  :info  : [    0.355934] .... node  #1, CPUs:    #9
kern  :info  : [    0.358172] .... node  #0, CPUs:   #10
kern  :info  : [    0.360702] .... node  #1, CPUs:   #11
kern  :info  : [    0.362920] .... node  #0, CPUs:   #12
kern  :info  : [    0.365309] .... node  #1, CPUs:   #13
kern  :info  : [    0.367729] .... node  #0, CPUs:   #14
kern  :info  : [    0.370004] .... node  #1, CPUs:   #15
kern  :info  : [    0.372357] .... node  #0, CPUs:   #16
kern  :info  : [    0.374787] .... node  #1, CPUs:   #17
kern  :info  : [    0.376892] .... node  #0, CPUs:   #18
kern  :info  : [    0.379147] .... node  #1, CPUs:   #19
kern  :info  : [    0.381435] .... node  #0, CPUs:   #20
kern  :info  : [    0.383794] .... node  #1, CPUs:   #21
kern  :info  : [    0.386153] .... node  #0, CPUs:   #22
kern  :info  : [    0.388723] .... node  #1, CPUs:   #23
kern  :info  : [    0.390961] .... node  #0, CPUs:   #24
kern  :info  : [    0.393284] .... node  #1, CPUs:   #25
kern  :info  : [    0.395732] .... node  #0, CPUs:   #26
kern  :info  : [    0.397935] .... node  #1, CPUs:   #27
kern  :info  : [    0.400234] .... node  #0, CPUs:   #28
kern  :info  : [    0.402784] .... node  #1, CPUs:   #29
kern  :info  : [    0.404955] .... node  #0, CPUs:   #30
kern  :info  : [    0.407342] .... node  #1, CPUs:   #31
kern  :info  : [    0.409799] .... node  #0, CPUs:   #32
kern  :info  : [    0.412166] .... node  #1, CPUs:   #33
kern  :info  : [    0.414716] .... node  #0, CPUs:   #34
kern  :info  : [    0.416928] .... node  #1, CPUs:   #35
kern  :info  : [    0.419290] .... node  #0, CPUs:   #36
kern  :info  : [    0.421760] .... node  #1, CPUs:   #37
kern  :info  : [    0.423854] .... node  #0, CPUs:   #38
kern  :info  : [    0.426126] .... node  #1, CPUs:   #39
kern  :info  : [    0.428423] smp: Brought up 2 nodes, 40 CPUs
kern  :info  : [    0.428423] smpboot: Max logical packages: 2
kern  :info  : [    0.428423] smpboot: Total of 40 processors activated (168115.00 BogoMIPS)
kern  :info  : [    0.574291] node 0 deferred pages initialised in 144ms
kern  :info  : [    0.574669] node 1 deferred pages initialised in 145ms
kern  :info  : [    0.598492] devtmpfs: initialized
kern  :info  : [    0.598492] x86/mm: Memory block size: 2048MB
kern  :info  : [    0.601018] ACPI: PM: Registering ACPI NVS region [mem 0x6cfff000-0x6effefff] (33554432 bytes)
kern  :info  : [    0.601095] clocksource: jiffies: mask: 0xffffffff max_cycles: 0xffffffff, max_idle_ns: 1911260446275000 ns
kern  :info  : [    0.601116] futex hash table entries: 16384 (order: 8, 1048576 bytes, vmalloc)
kern  :info  : [    0.601850] pinctrl core: initialized pinctrl subsystem
kern  :info  : [    0.601946] PM: RTC time: 06:04:47, date: 2023-09-06
kern  :info  : [    0.602270] NET: Registered PF_NETLINK/PF_ROUTE protocol family
kern  :info  : [    0.602406] DMA: preallocated 4096 KiB GFP_KERNEL pool for atomic allocations
kern  :info  : [    0.602418] DMA: preallocated 4096 KiB GFP_KERNEL|GFP_DMA pool for atomic allocations
kern  :info  : [    0.602430] DMA: preallocated 4096 KiB GFP_KERNEL|GFP_DMA32 pool for atomic allocations
kern  :info  : [    0.602437] audit: initializing netlink subsys (disabled)
kern  :notice: [    0.602443] audit: type=2000 audit(1693980286.390:1): state=initialized audit_enabled=0 res=1
kern  :info  : [    0.602443] thermal_sys: Registered thermal governor 'fair_share'
kern  :info  : [    0.602443] thermal_sys: Registered thermal governor 'bang_bang'
kern  :info  : [    0.602443] thermal_sys: Registered thermal governor 'step_wise'
kern  :info  : [    0.602443] thermal_sys: Registered thermal governor 'user_space'
kern  :info  : [    0.602652] cpuidle: using governor menu
kern  :info  : [    0.602708] Detected 1 PCC Subspaces
kern  :info  : [    0.602709] Registering PCC driver as Mailbox controller
kern  :info  : [    0.602752] ACPI FADT declares the system doesn't support PCIe ASPM, so disable it
kern  :info  : [    0.602752] acpiphp: ACPI Hot Plug PCI Controller Driver version: 0.5
kern  :info  : [    0.602847] PCI: MMCONFIG for domain 0000 [bus 00-ff] at [mem 0x80000000-0x8fffffff] (base 0x80000000)
kern  :info  : [    0.602851] PCI: MMCONFIG at [mem 0x80000000-0x8fffffff] reserved in E820
kern  :warn  : [    0.602856] pmd_set_huge: Cannot satisfy [mem 0x80000000-0x80200000] with a huge-page mapping due to MTRR override.
kern  :info  : [    0.603167] PCI: Using configuration type 1 for base access
kern  :info  : [    0.603176] PCI: Dell System detected, enabling pci=bfsort.
kern  :warn  : [    0.603646] ENERGY_PERF_BIAS: Set to 'normal', was 'performance'
kern  :info  : [    0.605707] kprobes: kprobe jump-optimization is enabled. All kprobes are optimized if possible.
kern  :info  : [    0.605726] HugeTLB registered 1.00 GiB page size, pre-allocated 0 pages
kern  :info  : [    0.605726] HugeTLB registered 2.00 MiB page size, pre-allocated 0 pages
kern  :info  : [    0.606760] ACPI: Added _OSI(Module Device)
kern  :info  : [    0.606761] ACPI: Added _OSI(Processor Device)
kern  :info  : [    0.606762] ACPI: Added _OSI(3.0 _SCP Extensions)
kern  :info  : [    0.606762] ACPI: Added _OSI(Processor Aggregator Device)
kern  :info  : [    0.606763] ACPI: Added _OSI(Linux-Dell-Video)
kern  :info  : [    0.606764] ACPI: Added _OSI(Linux-Lenovo-NV-HDMI-Audio)
kern  :info  : [    0.606765] ACPI: Added _OSI(Linux-HPI-Hybrid-Graphics)
kern  :info  : [    0.670429] ACPI: 5 ACPI AML tables successfully acquired and loaded
kern  :notice: [    0.676455] ACPI: [Firmware Bug]: BIOS _OSI(Linux) query ignored
kern  :info  : [    0.681664] ACPI: Dynamic OEM Table Load:
kern  :info  : [    0.798879] ACPI: Interpreter enabled
kern  :info  : [    0.798896] ACPI: PM: (supports S0 S5)
kern  :info  : [    0.798897] ACPI: Using IOAPIC for interrupt routing
kern  :info  : [    0.798960] HEST: Table parsing has been initialized.
kern  :info  : [    0.799588] GHES: APEI firmware first mode is enabled by APEI bit and WHEA _OSC.
kern  :info  : [    0.799591] PCI: Using host bridge windows from ACPI; if necessary, use "pci=nocrs" and report a bug
kern  :info  : [    0.800326] ACPI: Enabled 5 GPEs in block 00 to 7F
kern  :info  : [    0.839654] ACPI: PCI Root Bridge [PC00] (domain 0000 [bus 00-16])
kern  :info  : [    0.839661] acpi PNP0A08:00: _OSC: OS supports [ExtendedConfig ASPM ClockPM Segments MSI HPX-Type3]
kern  :info  : [    0.839697] acpi PNP0A08:00: _OSC: platform does not support [SHPCHotplug AER LTR]
kern  :info  : [    0.839753] acpi PNP0A08:00: _OSC: OS now controls [PCIeHotplug PME PCIeCapability]
kern  :info  : [    0.839754] acpi PNP0A08:00: FADT indicates ASPM is unsupported, using BIOS configuration
kern  :info  : [    0.841093] PCI host bridge to bus 0000:00
kern  :info  : [    0.841095] pci_bus 0000:00: root bus resource [io  0x0000-0x0cf7 window]
kern  :info  : [    0.841097] pci_bus 0000:00: root bus resource [io  0x1000-0x3fff window]
kern  :info  : [    0.841098] pci_bus 0000:00: root bus resource [mem 0x000a0000-0x000bffff window]
kern  :info  : [    0.841099] pci_bus 0000:00: root bus resource [mem 0x000c4000-0x000c7fff window]
kern  :info  : [    0.841100] pci_bus 0000:00: root bus resource [mem 0xfe010000-0xfe010fff window]
kern  :info  : [    0.841102] pci_bus 0000:00: root bus resource [mem 0x90000000-0x9d7fffff window]
kern  :info  : [    0.841103] pci_bus 0000:00: root bus resource [mem 0x380000000000-0x380fffffffff window]
kern  :info  : [    0.841104] pci_bus 0000:00: root bus resource [bus 00-16]
kern  :info  : [    0.841121] pci 0000:00:00.0: [8086:2020] type 00 class 0x060000
kern  :info  : [    0.841236] pci 0000:00:05.0: [8086:2024] type 00 class 0x088000
kern  :info  : [    0.841316] pci 0000:00:05.2: [8086:2025] type 00 class 0x088000
kern  :info  : [    0.841380] pci 0000:00:05.4: [8086:2026] type 00 class 0x080020
kern  :info  : [    0.841387] pci 0000:00:05.4: reg 0x10: [mem 0x92f20000-0x92f20fff]
kern  :info  : [    0.841455] pci 0000:00:08.0: [8086:2014] type 00 class 0x088000
kern  :info  : [    0.841518] pci 0000:00:08.1: [8086:2015] type 00 class 0x110100
kern  :info  : [    0.841560] pci 0000:00:08.2: [8086:2016] type 00 class 0x088000
kern  :info  : [    0.841637] pci 0000:00:11.0: [8086:a1ec] type 00 class 0xff0000
kern  :info  : [    0.841639] pci 0000:00:11.0: device has non-compliant BARs; disabling IO/MEM decoding
kern  :info  : [    0.841730] pci 0000:00:11.5: [8086:a1d2] type 00 class 0x010601
kern  :info  : [    0.841742] pci 0000:00:11.5: reg 0x10: [mem 0x92f16000-0x92f17fff]
kern  :info  : [    0.841749] pci 0000:00:11.5: reg 0x14: [mem 0x92f1f000-0x92f1f0ff]
kern  :info  : [    0.841756] pci 0000:00:11.5: reg 0x18: [io  0x2068-0x206f]
kern  :info  : [    0.841763] pci 0000:00:11.5: reg 0x1c: [io  0x2074-0x2077]
kern  :info  : [    0.841769] pci 0000:00:11.5: reg 0x20: [io  0x2040-0x205f]
kern  :info  : [    0.841776] pci 0000:00:11.5: reg 0x24: [mem 0x92e80000-0x92efffff]
kern  :info  : [    0.841810] pci 0000:00:11.5: PME# supported from D3hot
kern  :info  : [    0.841978] pci 0000:00:14.0: [8086:a1af] type 00 class 0x0c0330
kern  :info  : [    0.841994] pci 0000:00:14.0: reg 0x10: [mem 0x92f00000-0x92f0ffff 64bit]
kern  :info  : [    0.842052] pci 0000:00:14.0: PME# supported from D3hot D3cold
kern  :info  : [    0.842224] pci 0000:00:14.2: [8086:a1b1] type 00 class 0x118000
kern  :info  : [    0.842240] pci 0000:00:14.2: reg 0x10: [mem 0x92f1c000-0x92f1cfff 64bit]
kern  :info  : [    0.842364] pci 0000:00:16.0: [8086:a1ba] type 00 class 0x078000
kern  :info  : [    0.842386] pci 0000:00:16.0: reg 0x10: [mem 0x92f1b000-0x92f1bfff 64bit]
kern  :info  : [    0.842463] pci 0000:00:16.0: PME# supported from D3hot
kern  :info  : [    0.842529] pci 0000:00:16.1: [8086:a1bb] type 00 class 0x078000
kern  :info  : [    0.842550] pci 0000:00:16.1: reg 0x10: [mem 0x92f1a000-0x92f1afff 64bit]
kern  :info  : [    0.842628] pci 0000:00:16.1: PME# supported from D3hot
kern  :info  : [    0.842696] pci 0000:00:16.4: [8086:a1be] type 00 class 0x078000
kern  :info  : [    0.842717] pci 0000:00:16.4: reg 0x10: [mem 0x92f19000-0x92f19fff 64bit]
kern  :info  : [    0.842795] pci 0000:00:16.4: PME# supported from D3hot
kern  :info  : [    0.842860] pci 0000:00:17.0: [8086:a182] type 00 class 0x010601
kern  :info  : [    0.842872] pci 0000:00:17.0: reg 0x10: [mem 0x92f14000-0x92f15fff]
kern  :info  : [    0.842878] pci 0000:00:17.0: reg 0x14: [mem 0x92f1e000-0x92f1e0ff]
kern  :info  : [    0.842885] pci 0000:00:17.0: reg 0x18: [io  0x2060-0x2067]
kern  :info  : [    0.842892] pci 0000:00:17.0: reg 0x1c: [io  0x2070-0x2073]
kern  :info  : [    0.842899] pci 0000:00:17.0: reg 0x20: [io  0x2020-0x203f]
kern  :info  : [    0.842905] pci 0000:00:17.0: reg 0x24: [mem 0x92e00000-0x92e7ffff]
kern  :info  : [    0.842939] pci 0000:00:17.0: PME# supported from D3hot
kern  :info  : [    0.843100] pci 0000:00:1c.0: [8086:a190] type 01 class 0x060400
kern  :info  : [    0.843164] pci 0000:00:1c.0: PME# supported from D0 D3hot D3cold
kern  :info  : [    0.843522] pci 0000:00:1c.4: [8086:a194] type 01 class 0x060400
kern  :info  : [    0.843584] pci 0000:00:1c.4: PME# supported from D0 D3hot D3cold
kern  :info  : [    0.843949] pci 0000:00:1f.0: [8086:a1c1] type 00 class 0x060100
kern  :info  : [    0.844198] pci 0000:00:1f.2: [8086:a1a1] type 00 class 0x058000
kern  :info  : [    0.844212] pci 0000:00:1f.2: reg 0x10: [mem 0x92f10000-0x92f13fff]
kern  :info  : [    0.844406] pci 0000:00:1f.4: [8086:a1a3] type 00 class 0x0c0500
kern  :info  : [    0.844424] pci 0000:00:1f.4: reg 0x10: [mem 0x92f18000-0x92f180ff 64bit]
kern  :info  : [    0.844445] pci 0000:00:1f.4: reg 0x20: [io  0x2000-0x201f]
kern  :info  : [    0.844511] pci 0000:00:1f.5: [8086:a1a4] type 00 class 0x0c8000
kern  :info  : [    0.844525] pci 0000:00:1f.5: reg 0x10: [mem 0xfe010000-0xfe010fff]
kern  :info  : [    0.844659] pci 0000:00:1c.0: PCI bridge to [bus 01]
kern  :info  : [    0.844663] pci 0000:00:1c.0:   bridge window [mem 0x92a00000-0x92dfffff]
kern  :info  : [    0.844715] pci 0000:02:00.0: [1556:be00] type 01 class 0x060400
kern  :info  : [    0.847656] pci 0000:00:1c.4: PCI bridge to [bus 02-03]
kern  :info  : [    0.847660] pci 0000:00:1c.4:   bridge window [mem 0x92000000-0x928fffff]
kern  :info  : [    0.847664] pci 0000:00:1c.4:   bridge window [mem 0x91000000-0x91ffffff 64bit pref]
kern  :info  : [    0.847695] pci_bus 0000:03: extended config space not accessible
kern  :info  : [    0.847714] pci 0000:03:00.0: [102b:0536] type 00 class 0x030000
kern  :info  : [    0.847733] pci 0000:03:00.0: reg 0x10: [mem 0x91000000-0x91ffffff pref]
kern  :info  : [    0.847743] pci 0000:03:00.0: reg 0x14: [mem 0x92808000-0x9280bfff]
kern  :info  : [    0.847753] pci 0000:03:00.0: reg 0x18: [mem 0x92000000-0x927fffff]
kern  :info  : [    0.847799] pci 0000:03:00.0: BAR 0: assigned to efifb
kern  :info  : [    0.847806] pci 0000:03:00.0: Video device with shadowed ROM at [mem 0x000c0000-0x000dffff]
kern  :info  : [    0.847905] pci 0000:02:00.0: PCI bridge to [bus 03]
kern  :info  : [    0.847913] pci 0000:02:00.0:   bridge window [mem 0x92000000-0x928fffff]
kern  :info  : [    0.847919] pci 0000:02:00.0:   bridge window [mem 0x91000000-0x91ffffff 64bit pref]
kern  :debug : [    0.847934] pci_bus 0000:00: on NUMA node 0
kern  :info  : [    0.848185] ACPI: PCI: Interrupt link LNKA configured for IRQ 11
kern  :info  : [    0.848248] ACPI: PCI: Interrupt link LNKB configured for IRQ 6
kern  :info  : [    0.848311] ACPI: PCI: Interrupt link LNKC configured for IRQ 5
kern  :info  : [    0.848372] ACPI: PCI: Interrupt link LNKD configured for IRQ 11
kern  :info  : [    0.848433] ACPI: PCI: Interrupt link LNKE configured for IRQ 11
kern  :info  : [    0.848494] ACPI: PCI: Interrupt link LNKF configured for IRQ 6
kern  :info  : [    0.848555] ACPI: PCI: Interrupt link LNKG configured for IRQ 5
kern  :info  : [    0.848616] ACPI: PCI: Interrupt link LNKH configured for IRQ 11
kern  :info  : [    0.848898] ACPI: PCI Root Bridge [PC01] (domain 0000 [bus 17-39])
kern  :info  : [    0.848902] acpi PNP0A08:01: _OSC: OS supports [ExtendedConfig ASPM ClockPM Segments MSI HPX-Type3]
kern  :info  : [    0.848964] acpi PNP0A08:01: _OSC: platform does not support [SHPCHotplug AER LTR]
kern  :info  : [    0.849068] acpi PNP0A08:01: _OSC: OS now controls [PCIeHotplug PME PCIeCapability]
kern  :info  : [    0.849069] acpi PNP0A08:01: FADT indicates ASPM is unsupported, using BIOS configuration
kern  :info  : [    0.849214] PCI host bridge to bus 0000:17
kern  :info  : [    0.849216] pci_bus 0000:17: root bus resource [io  0x4000-0x5fff window]
kern  :info  : [    0.849217] pci_bus 0000:17: root bus resource [mem 0x9d800000-0xaaffffff window]
kern  :info  : [    0.849219] pci_bus 0000:17: root bus resource [mem 0x381000000000-0x381fffffffff window]
kern  :info  : [    0.849220] pci_bus 0000:17: root bus resource [bus 17-39]
kern  :info  : [    0.849235] pci 0000:17:00.0: [8086:2030] type 01 class 0x060400
kern  :info  : [    0.849284] pci 0000:17:00.0: PME# supported from D0 D3hot D3cold
kern  :info  : [    0.849536] pci 0000:17:02.0: [8086:2032] type 01 class 0x060400
kern  :info  : [    0.849555] pci 0000:17:02.0: enabling Extended Tags
kern  :info  : [    0.849586] pci 0000:17:02.0: PME# supported from D0 D3hot D3cold
kern  :info  : [    0.849668] pci 0000:17:03.0: [8086:2033] type 01 class 0x060400
kern  :info  : [    0.849686] pci 0000:17:03.0: enabling Extended Tags
kern  :info  : [    0.849716] pci 0000:17:03.0: PME# supported from D0 D3hot D3cold
kern  :info  : [    0.849787] pci 0000:17:05.0: [8086:2034] type 00 class 0x088000
kern  :info  : [    0.849851] pci 0000:17:05.2: [8086:2035] type 00 class 0x088000
kern  :info  : [    0.849914] pci 0000:17:05.4: [8086:2036] type 00 class 0x080020
kern  :info  : [    0.849921] pci 0000:17:05.4: reg 0x10: [mem 0x9e500000-0x9e500fff]
kern  :info  : [    0.849986] pci 0000:17:08.0: [8086:208d] type 00 class 0x088000
kern  :info  : [    0.850039] pci 0000:17:08.1: [8086:208d] type 00 class 0x088000
kern  :info  : [    0.850078] pci 0000:17:08.2: [8086:208d] type 00 class 0x088000
kern  :info  : [    0.850117] pci 0000:17:08.3: [8086:208d] type 00 class 0x088000
kern  :info  : [    0.850155] pci 0000:17:08.4: [8086:208d] type 00 class 0x088000
kern  :info  : [    0.850193] pci 0000:17:08.5: [8086:208d] type 00 class 0x088000
kern  :info  : [    0.850231] pci 0000:17:08.6: [8086:208d] type 00 class 0x088000
kern  :info  : [    0.850274] pci 0000:17:08.7: [8086:208d] type 00 class 0x088000
kern  :info  : [    0.850311] pci 0000:17:09.0: [8086:208d] type 00 class 0x088000
kern  :info  : [    0.850362] pci 0000:17:09.1: [8086:208d] type 00 class 0x088000
kern  :info  : [    0.850399] pci 0000:17:09.2: [8086:208d] type 00 class 0x088000
kern  :info  : [    0.850437] pci 0000:17:09.3: [8086:208d] type 00 class 0x088000
kern  :info  : [    0.850473] pci 0000:17:09.4: [8086:208d] type 00 class 0x088000
kern  :info  : [    0.850511] pci 0000:17:09.5: [8086:208d] type 00 class 0x088000
kern  :info  : [    0.850548] pci 0000:17:09.6: [8086:208d] type 00 class 0x088000
kern  :info  : [    0.850586] pci 0000:17:09.7: [8086:208d] type 00 class 0x088000
kern  :info  : [    0.850625] pci 0000:17:0a.0: [8086:208d] type 00 class 0x088000
kern  :info  : [    0.850678] pci 0000:17:0a.1: [8086:208d] type 00 class 0x088000
kern  :info  : [    0.850716] pci 0000:17:0a.2: [8086:208d] type 00 class 0x088000
kern  :info  : [    0.850754] pci 0000:17:0a.3: [8086:208d] type 00 class 0x088000
kern  :info  : [    0.850791] pci 0000:17:0a.4: [8086:208d] type 00 class 0x088000
kern  :info  : [    0.850828] pci 0000:17:0a.5: [8086:208d] type 00 class 0x088000
kern  :info  : [    0.850866] pci 0000:17:0a.6: [8086:208d] type 00 class 0x088000
kern  :info  : [    0.850903] pci 0000:17:0a.7: [8086:208d] type 00 class 0x088000
kern  :info  : [    0.850941] pci 0000:17:0b.0: [8086:208d] type 00 class 0x088000
kern  :info  : [    0.850992] pci 0000:17:0b.1: [8086:208d] type 00 class 0x088000
kern  :info  : [    0.851029] pci 0000:17:0b.2: [8086:208d] type 00 class 0x088000
kern  :info  : [    0.851066] pci 0000:17:0b.3: [8086:208d] type 00 class 0x088000
kern  :info  : [    0.851108] pci 0000:17:0e.0: [8086:208e] type 00 class 0x088000
kern  :info  : [    0.851157] pci 0000:17:0e.1: [8086:208e] type 00 class 0x088000
kern  :info  : [    0.851194] pci 0000:17:0e.2: [8086:208e] type 00 class 0x088000
kern  :info  : [    0.851231] pci 0000:17:0e.3: [8086:208e] type 00 class 0x088000
kern  :info  : [    0.851267] pci 0000:17:0e.4: [8086:208e] type 00 class 0x088000
kern  :info  : [    0.851306] pci 0000:17:0e.5: [8086:208e] type 00 class 0x088000
kern  :info  : [    0.851344] pci 0000:17:0e.6: [8086:208e] type 00 class 0x088000
kern  :info  : [    0.851381] pci 0000:17:0e.7: [8086:208e] type 00 class 0x088000
kern  :info  : [    0.851419] pci 0000:17:0f.0: [8086:208e] type 00 class 0x088000
kern  :info  : [    0.851468] pci 0000:17:0f.1: [8086:208e] type 00 class 0x088000
kern  :info  : [    0.851505] pci 0000:17:0f.2: [8086:208e] type 00 class 0x088000
kern  :info  : [    0.851542] pci 0000:17:0f.3: [8086:208e] type 00 class 0x088000
kern  :info  : [    0.851580] pci 0000:17:0f.4: [8086:208e] type 00 class 0x088000
kern  :info  : [    0.851618] pci 0000:17:0f.5: [8086:208e] type 00 class 0x088000
kern  :info  : [    0.851656] pci 0000:17:0f.6: [8086:208e] type 00 class 0x088000
kern  :info  : [    0.851694] pci 0000:17:0f.7: [8086:208e] type 00 class 0x088000
kern  :info  : [    0.851732] pci 0000:17:10.0: [8086:208e] type 00 class 0x088000
kern  :info  : [    0.851783] pci 0000:17:10.1: [8086:208e] type 00 class 0x088000
kern  :info  : [    0.851821] pci 0000:17:10.2: [8086:208e] type 00 class 0x088000
kern  :info  : [    0.851859] pci 0000:17:10.3: [8086:208e] type 00 class 0x088000
kern  :info  : [    0.851898] pci 0000:17:10.4: [8086:208e] type 00 class 0x088000
kern  :info  : [    0.851934] pci 0000:17:10.5: [8086:208e] type 00 class 0x088000
kern  :info  : [    0.851975] pci 0000:17:10.6: [8086:208e] type 00 class 0x088000
kern  :info  : [    0.852012] pci 0000:17:10.7: [8086:208e] type 00 class 0x088000
kern  :info  : [    0.852050] pci 0000:17:11.0: [8086:208e] type 00 class 0x088000
kern  :info  : [    0.852100] pci 0000:17:11.1: [8086:208e] type 00 class 0x088000
kern  :info  : [    0.852138] pci 0000:17:11.2: [8086:208e] type 00 class 0x088000
kern  :info  : [    0.852175] pci 0000:17:11.3: [8086:208e] type 00 class 0x088000
kern  :info  : [    0.852225] pci 0000:17:1d.0: [8086:2054] type 00 class 0x088000
kern  :info  : [    0.852276] pci 0000:17:1d.1: [8086:2055] type 00 class 0x088000
kern  :info  : [    0.852314] pci 0000:17:1d.2: [8086:2056] type 00 class 0x088000
kern  :info  : [    0.852352] pci 0000:17:1d.3: [8086:2057] type 00 class 0x088000
kern  :info  : [    0.852394] pci 0000:17:1e.0: [8086:2080] type 00 class 0x088000
kern  :info  : [    0.852446] pci 0000:17:1e.1: [8086:2081] type 00 class 0x088000
kern  :info  : [    0.852485] pci 0000:17:1e.2: [8086:2082] type 00 class 0x088000
kern  :info  : [    0.852549] pci 0000:17:1e.3: [8086:2083] type 00 class 0x088000
kern  :info  : [    0.852587] pci 0000:17:1e.4: [8086:2084] type 00 class 0x088000
kern  :info  : [    0.852625] pci 0000:17:1e.5: [8086:2085] type 00 class 0x088000
kern  :info  : [    0.852663] pci 0000:17:1e.6: [8086:2086] type 00 class 0x088000
kern  :info  : [    0.852731] pci 0000:18:00.0: [1000:005d] type 00 class 0x010400
kern  :info  : [    0.852739] pci 0000:18:00.0: reg 0x10: [io  0x4000-0x40ff]
kern  :info  : [    0.852746] pci 0000:18:00.0: reg 0x14: [mem 0x9e400000-0x9e40ffff 64bit]
kern  :info  : [    0.852753] pci 0000:18:00.0: reg 0x1c: [mem 0x9e300000-0x9e3fffff 64bit]
kern  :info  : [    0.852762] pci 0000:18:00.0: reg 0x30: [mem 0xfff00000-0xffffffff pref]
kern  :warn  : [    0.852771] pci 0000:18:00.0: [Firmware Bug]: disabling VPD access (can't determine size of non-standard VPD format)
kern  :info  : [    0.852799] pci 0000:18:00.0: supports D1 D2
kern  :info  : [    0.852846] pci 0000:17:00.0: PCI bridge to [bus 18]
kern  :info  : [    0.852848] pci 0000:17:00.0:   bridge window [io  0x4000-0x4fff]
kern  :info  : [    0.852850] pci 0000:17:00.0:   bridge window [mem 0x9e300000-0x9e4fffff]
kern  :info  : [    0.852949] pci 0000:19:00.0: [8086:1563] type 00 class 0x020000
kern  :info  : [    0.852963] pci 0000:19:00.0: reg 0x10: [mem 0x9dc00000-0x9dffffff 64bit pref]
kern  :info  : [    0.852983] pci 0000:19:00.0: reg 0x20: [mem 0x9e004000-0x9e007fff 64bit pref]
kern  :info  : [    0.852990] pci 0000:19:00.0: reg 0x30: [mem 0xfff80000-0xffffffff pref]
kern  :info  : [    0.853048] pci 0000:19:00.0: PME# supported from D0 D3hot D3cold
kern  :info  : [    0.853309] pci 0000:19:00.1: [8086:1563] type 00 class 0x020000
kern  :info  : [    0.853323] pci 0000:19:00.1: reg 0x10: [mem 0x9d800000-0x9dbfffff 64bit pref]
kern  :info  : [    0.853344] pci 0000:19:00.1: reg 0x20: [mem 0x9e000000-0x9e003fff 64bit pref]
kern  :info  : [    0.853350] pci 0000:19:00.1: reg 0x30: [mem 0xfff80000-0xffffffff pref]
kern  :info  : [    0.853403] pci 0000:19:00.1: PME# supported from D0 D3hot D3cold
kern  :info  : [    0.853633] pci 0000:17:02.0: PCI bridge to [bus 19]
kern  :info  : [    0.853637] pci 0000:17:02.0:   bridge window [mem 0x9d800000-0x9e0fffff 64bit pref]
kern  :info  : [    0.853686] pci 0000:1a:00.0: [8086:1521] type 00 class 0x020000
kern  :info  : [    0.853697] pci 0000:1a:00.0: reg 0x10: [mem 0x9e180000-0x9e1fffff]
kern  :info  : [    0.853715] pci 0000:1a:00.0: reg 0x1c: [mem 0x9e204000-0x9e207fff]
kern  :info  : [    0.853733] pci 0000:1a:00.0: reg 0x30: [mem 0xfff80000-0xffffffff pref]
kern  :info  : [    0.853788] pci 0000:1a:00.0: PME# supported from D0 D3hot D3cold
kern  :info  : [    0.854027] pci 0000:1a:00.1: [8086:1521] type 00 class 0x020000
kern  :info  : [    0.854039] pci 0000:1a:00.1: reg 0x10: [mem 0x9e100000-0x9e17ffff]
kern  :info  : [    0.854056] pci 0000:1a:00.1: reg 0x1c: [mem 0x9e200000-0x9e203fff]
kern  :info  : [    0.854074] pci 0000:1a:00.1: reg 0x30: [mem 0xfff80000-0xffffffff pref]
kern  :info  : [    0.854126] pci 0000:1a:00.1: PME# supported from D0 D3hot D3cold
kern  :info  : [    0.854351] pci 0000:17:03.0: PCI bridge to [bus 1a]
kern  :info  : [    0.854354] pci 0000:17:03.0:   bridge window [mem 0x9e100000-0x9e2fffff]
kern  :debug : [    0.854369] pci_bus 0000:17: on NUMA node 0
kern  :info  : [    0.854473] ACPI: PCI Root Bridge [PC02] (domain 0000 [bus 3a-5c])
kern  :info  : [    0.854476] acpi PNP0A08:02: _OSC: OS supports [ExtendedConfig ASPM ClockPM Segments MSI HPX-Type3]
kern  :info  : [    0.854529] acpi PNP0A08:02: _OSC: platform does not support [SHPCHotplug AER LTR]
kern  :info  : [    0.854616] acpi PNP0A08:02: _OSC: OS now controls [PCIeHotplug PME PCIeCapability]
kern  :info  : [    0.854617] acpi PNP0A08:02: FADT indicates ASPM is unsupported, using BIOS configuration
kern  :info  : [    0.854727] PCI host bridge to bus 0000:3a
kern  :info  : [    0.854728] pci_bus 0000:3a: root bus resource [io  0x6000-0x7fff window]
kern  :info  : [    0.854730] pci_bus 0000:3a: root bus resource [mem 0xab000000-0xb87fffff window]
kern  :info  : [    0.854731] pci_bus 0000:3a: root bus resource [mem 0x382000000000-0x382fffffffff window]
kern  :info  : [    0.854732] pci_bus 0000:3a: root bus resource [bus 3a-5c]
kern  :info  : [    0.854746] pci 0000:3a:00.0: [8086:2030] type 01 class 0x060400
kern  :info  : [    0.854765] pci 0000:3a:00.0: enabling Extended Tags
kern  :info  : [    0.854796] pci 0000:3a:00.0: PME# supported from D0 D3hot D3cold
kern  :info  : [    0.855049] pci 0000:3a:05.0: [8086:2034] type 00 class 0x088000
kern  :info  : [    0.855112] pci 0000:3a:05.2: [8086:2035] type 00 class 0x088000
kern  :info  : [    0.855173] pci 0000:3a:05.4: [8086:2036] type 00 class 0x080020
kern  :info  : [    0.855179] pci 0000:3a:05.4: reg 0x10: [mem 0xab100000-0xab100fff]
kern  :info  : [    0.855244] pci 0000:3a:08.0: [8086:2066] type 00 class 0x088000
kern  :info  : [    0.855311] pci 0000:3a:09.0: [8086:2066] type 00 class 0x088000
kern  :info  : [    0.855376] pci 0000:3a:0a.0: [8086:2040] type 00 class 0x088000
kern  :info  : [    0.855441] pci 0000:3a:0a.1: [8086:2041] type 00 class 0x088000
kern  :info  : [    0.855493] pci 0000:3a:0a.2: [8086:2042] type 00 class 0x088000
kern  :info  : [    0.855544] pci 0000:3a:0a.3: [8086:2043] type 00 class 0x088000
kern  :info  : [    0.855600] pci 0000:3a:0a.4: [8086:2044] type 00 class 0x088000
kern  :info  : [    0.855650] pci 0000:3a:0a.5: [8086:2045] type 00 class 0x088000
kern  :info  : [    0.855700] pci 0000:3a:0a.6: [8086:2046] type 00 class 0x088000
kern  :info  : [    0.855752] pci 0000:3a:0a.7: [8086:2047] type 00 class 0x088000
kern  :info  : [    0.855802] pci 0000:3a:0b.0: [8086:2048] type 00 class 0x088000
kern  :info  : [    0.855867] pci 0000:3a:0b.1: [8086:2049] type 00 class 0x088000
kern  :info  : [    0.855919] pci 0000:3a:0b.2: [8086:204a] type 00 class 0x088000
kern  :info  : [    0.855971] pci 0000:3a:0b.3: [8086:204b] type 00 class 0x088000
kern  :info  : [    0.856023] pci 0000:3a:0c.0: [8086:2040] type 00 class 0x088000
kern  :info  : [    0.856089] pci 0000:3a:0c.1: [8086:2041] type 00 class 0x088000
kern  :info  : [    0.856141] pci 0000:3a:0c.2: [8086:2042] type 00 class 0x088000
kern  :info  : [    0.856194] pci 0000:3a:0c.3: [8086:2043] type 00 class 0x088000
kern  :info  : [    0.856246] pci 0000:3a:0c.4: [8086:2044] type 00 class 0x088000
kern  :info  : [    0.856298] pci 0000:3a:0c.5: [8086:2045] type 00 class 0x088000
kern  :info  : [    0.856349] pci 0000:3a:0c.6: [8086:2046] type 00 class 0x088000
kern  :info  : [    0.856401] pci 0000:3a:0c.7: [8086:2047] type 00 class 0x088000
kern  :info  : [    0.856452] pci 0000:3a:0d.0: [8086:2048] type 00 class 0x088000
kern  :info  : [    0.856517] pci 0000:3a:0d.1: [8086:2049] type 00 class 0x088000
kern  :info  : [    0.856569] pci 0000:3a:0d.2: [8086:204a] type 00 class 0x088000
kern  :info  : [    0.856620] pci 0000:3a:0d.3: [8086:204b] type 00 class 0x088000
kern  :info  : [    0.856715] pci 0000:3b:00.0: [144d:a808] type 00 class 0x010802
kern  :info  : [    0.856728] pci 0000:3b:00.0: reg 0x10: [mem 0xab000000-0xab003fff 64bit]
kern  :info  : [    0.857056] pci 0000:3a:00.0: PCI bridge to [bus 3b]
kern  :info  : [    0.857060] pci 0000:3a:00.0:   bridge window [mem 0xab000000-0xab0fffff]
kern  :debug : [    0.857067] pci_bus 0000:3a: on NUMA node 0
kern  :info  : [    0.857144] ACPI: PCI Root Bridge [PC03] (domain 0000 [bus 5d-7f])
kern  :info  : [    0.857147] acpi PNP0A08:03: _OSC: OS supports [ExtendedConfig ASPM ClockPM Segments MSI HPX-Type3]
kern  :info  : [    0.857199] acpi PNP0A08:03: _OSC: platform does not support [SHPCHotplug AER LTR]
kern  :info  : [    0.857286] acpi PNP0A08:03: _OSC: OS now controls [PCIeHotplug PME PCIeCapability]
kern  :info  : [    0.857287] acpi PNP0A08:03: FADT indicates ASPM is unsupported, using BIOS configuration
kern  :info  : [    0.857440] PCI host bridge to bus 0000:5d
kern  :info  : [    0.857441] pci_bus 0000:5d: root bus resource [io  0x8000-0x9fff window]
kern  :info  : [    0.857442] pci_bus 0000:5d: root bus resource [mem 0xb8800000-0xc5ffffff window]
kern  :info  : [    0.857444] pci_bus 0000:5d: root bus resource [mem 0x383000000000-0x383fffffffff window]
kern  :info  : [    0.857445] pci_bus 0000:5d: root bus resource [bus 5d-7f]
kern  :info  : [    0.857456] pci 0000:5d:05.0: [8086:2034] type 00 class 0x088000
kern  :info  : [    0.857525] pci 0000:5d:05.2: [8086:2035] type 00 class 0x088000
kern  :info  : [    0.857590] pci 0000:5d:05.4: [8086:2036] type 00 class 0x080020
kern  :info  : [    0.857597] pci 0000:5d:05.4: reg 0x10: [mem 0xb8800000-0xb8800fff]
kern  :info  : [    0.857668] pci 0000:5d:0e.0: [8086:2058] type 00 class 0x110100
kern  :info  : [    0.857736] pci 0000:5d:0e.1: [8086:2059] type 00 class 0x088000
kern  :info  : [    0.857787] pci 0000:5d:0f.0: [8086:2058] type 00 class 0x110100
kern  :info  : [    0.857851] pci 0000:5d:0f.1: [8086:2059] type 00 class 0x088000
kern  :info  : [    0.857903] pci 0000:5d:10.0: [8086:2058] type 00 class 0x110100
kern  :info  : [    0.857968] pci 0000:5d:10.1: [8086:2059] type 00 class 0x088000
kern  :info  : [    0.858022] pci 0000:5d:12.0: [8086:204c] type 00 class 0x110100
kern  :info  : [    0.858083] pci 0000:5d:12.1: [8086:204d] type 00 class 0x110100
kern  :info  : [    0.858121] pci 0000:5d:12.2: [8086:204e] type 00 class 0x088000
kern  :info  : [    0.858162] pci 0000:5d:12.4: [8086:204c] type 00 class 0x110100
kern  :info  : [    0.858210] pci 0000:5d:12.5: [8086:204d] type 00 class 0x110100
kern  :info  : [    0.858250] pci 0000:5d:15.0: [8086:2018] type 00 class 0x088000
kern  :info  : [    0.858304] pci 0000:5d:15.1: [8086:2088] type 00 class 0x110100
kern  :info  : [    0.858344] pci 0000:5d:16.0: [8086:2018] type 00 class 0x088000
kern  :info  : [    0.858395] pci 0000:5d:16.1: [8086:2088] type 00 class 0x110100
kern  :info  : [    0.858434] pci 0000:5d:16.4: [8086:2018] type 00 class 0x088000
kern  :info  : [    0.858472] pci 0000:5d:16.5: [8086:2088] type 00 class 0x110100
kern  :info  : [    0.858512] pci 0000:5d:17.0: [8086:2018] type 00 class 0x088000
kern  :info  : [    0.858563] pci 0000:5d:17.1: [8086:2088] type 00 class 0x110100
kern  :debug : [    0.858606] pci_bus 0000:5d: on NUMA node 0
kern  :info  : [    0.858746] ACPI: PCI Root Bridge [PC06] (domain 0000 [bus 80-84])
kern  :info  : [    0.858749] acpi PNP0A08:06: _OSC: OS supports [ExtendedConfig ASPM ClockPM Segments MSI HPX-Type3]
kern  :info  : [    0.858800] acpi PNP0A08:06: _OSC: platform does not support [SHPCHotplug AER LTR]
kern  :info  : [    0.858887] acpi PNP0A08:06: _OSC: OS now controls [PCIeHotplug PME PCIeCapability]
kern  :info  : [    0.858888] acpi PNP0A08:06: FADT indicates ASPM is unsupported, using BIOS configuration
kern  :info  : [    0.858919] acpi PNP0A08:06: host bridge window [io  0x0000 window] (ignored, not CPU addressable)
kern  :info  : [    0.858995] PCI host bridge to bus 0000:80
kern  :info  : [    0.858996] pci_bus 0000:80: root bus resource [mem 0xc6000000-0xd37fffff window]
kern  :info  : [    0.858997] pci_bus 0000:80: root bus resource [mem 0x384000000000-0x384fffffffff window]
kern  :info  : [    0.858999] pci_bus 0000:80: root bus resource [bus 80-84]
kern  :info  : [    0.859017] pci 0000:80:05.0: [8086:2024] type 00 class 0x088000
kern  :info  : [    0.859101] pci 0000:80:05.2: [8086:2025] type 00 class 0x088000
kern  :info  : [    0.859167] pci 0000:80:05.4: [8086:2026] type 00 class 0x080020
kern  :info  : [    0.859174] pci 0000:80:05.4: reg 0x10: [mem 0xc6000000-0xc6000fff]
kern  :info  : [    0.859246] pci 0000:80:08.0: [8086:2014] type 00 class 0x088000
kern  :info  : [    0.859310] pci 0000:80:08.1: [8086:2015] type 00 class 0x110100
kern  :info  : [    0.859353] pci 0000:80:08.2: [8086:2016] type 00 class 0x088000
kern  :debug : [    0.859411] pci_bus 0000:80: on NUMA node 1
kern  :info  : [    0.859477] ACPI: PCI Root Bridge [PC07] (domain 0000 [bus 85-ad])
kern  :info  : [    0.859480] acpi PNP0A08:07: _OSC: OS supports [ExtendedConfig ASPM ClockPM Segments MSI HPX-Type3]
kern  :info  : [    0.859529] acpi PNP0A08:07: _OSC: platform does not support [SHPCHotplug AER LTR]
kern  :info  : [    0.859616] acpi PNP0A08:07: _OSC: OS now controls [PCIeHotplug PME PCIeCapability]
kern  :info  : [    0.859617] acpi PNP0A08:07: FADT indicates ASPM is unsupported, using BIOS configuration
kern  :info  : [    0.859794] PCI host bridge to bus 0000:85
kern  :info  : [    0.859796] pci_bus 0000:85: root bus resource [io  0xa000-0xbfff window]
kern  :info  : [    0.859797] pci_bus 0000:85: root bus resource [mem 0xd3800000-0xe0ffffff window]
kern  :info  : [    0.859799] pci_bus 0000:85: root bus resource [mem 0x385000000000-0x385fffffffff window]
kern  :info  : [    0.859800] pci_bus 0000:85: root bus resource [bus 85-ad]
kern  :info  : [    0.859816] pci 0000:85:00.0: [8086:2030] type 01 class 0x060400
kern  :info  : [    0.859870] pci 0000:85:00.0: PME# supported from D0 D3hot D3cold
kern  :info  : [    0.860133] pci 0000:85:05.0: [8086:2034] type 00 class 0x088000
kern  :info  : [    0.860201] pci 0000:85:05.2: [8086:2035] type 00 class 0x088000
kern  :info  : [    0.860266] pci 0000:85:05.4: [8086:2036] type 00 class 0x080020
kern  :info  : [    0.860273] pci 0000:85:05.4: reg 0x10: [mem 0xd3900000-0xd3900fff]
kern  :info  : [    0.860342] pci 0000:85:08.0: [8086:208d] type 00 class 0x088000
kern  :info  : [    0.860399] pci 0000:85:08.1: [8086:208d] type 00 class 0x088000
kern  :info  : [    0.860440] pci 0000:85:08.2: [8086:208d] type 00 class 0x088000
kern  :info  : [    0.860480] pci 0000:85:08.3: [8086:208d] type 00 class 0x088000
kern  :info  : [    0.860519] pci 0000:85:08.4: [8086:208d] type 00 class 0x088000
kern  :info  : [    0.860559] pci 0000:85:08.5: [8086:208d] type 00 class 0x088000
kern  :info  : [    0.860599] pci 0000:85:08.6: [8086:208d] type 00 class 0x088000
kern  :info  : [    0.860638] pci 0000:85:08.7: [8086:208d] type 00 class 0x088000
kern  :info  : [    0.860678] pci 0000:85:09.0: [8086:208d] type 00 class 0x088000
kern  :info  : [    0.860733] pci 0000:85:09.1: [8086:208d] type 00 class 0x088000
kern  :info  : [    0.860772] pci 0000:85:09.2: [8086:208d] type 00 class 0x088000
kern  :info  : [    0.860812] pci 0000:85:09.3: [8086:208d] type 00 class 0x088000
kern  :info  : [    0.860852] pci 0000:85:09.4: [8086:208d] type 00 class 0x088000
kern  :info  : [    0.860893] pci 0000:85:09.5: [8086:208d] type 00 class 0x088000
kern  :info  : [    0.860933] pci 0000:85:09.6: [8086:208d] type 00 class 0x088000
kern  :info  : [    0.860973] pci 0000:85:09.7: [8086:208d] type 00 class 0x088000
kern  :info  : [    0.861013] pci 0000:85:0a.0: [8086:208d] type 00 class 0x088000
kern  :info  : [    0.861068] pci 0000:85:0a.1: [8086:208d] type 00 class 0x088000
kern  :info  : [    0.861109] pci 0000:85:0a.2: [8086:208d] type 00 class 0x088000
kern  :info  : [    0.861150] pci 0000:85:0a.3: [8086:208d] type 00 class 0x088000
kern  :info  : [    0.861194] pci 0000:85:0a.4: [8086:208d] type 00 class 0x088000
kern  :info  : [    0.861233] pci 0000:85:0a.5: [8086:208d] type 00 class 0x088000
kern  :info  : [    0.861273] pci 0000:85:0a.6: [8086:208d] type 00 class 0x088000
kern  :info  : [    0.861313] pci 0000:85:0a.7: [8086:208d] type 00 class 0x088000
kern  :info  : [    0.861354] pci 0000:85:0b.0: [8086:208d] type 00 class 0x088000
kern  :info  : [    0.861409] pci 0000:85:0b.1: [8086:208d] type 00 class 0x088000
kern  :info  : [    0.861449] pci 0000:85:0b.2: [8086:208d] type 00 class 0x088000
kern  :info  : [    0.861489] pci 0000:85:0b.3: [8086:208d] type 00 class 0x088000
kern  :info  : [    0.861534] pci 0000:85:0e.0: [8086:208e] type 00 class 0x088000
kern  :info  : [    0.861586] pci 0000:85:0e.1: [8086:208e] type 00 class 0x088000
kern  :info  : [    0.861627] pci 0000:85:0e.2: [8086:208e] type 00 class 0x088000
kern  :info  : [    0.861667] pci 0000:85:0e.3: [8086:208e] type 00 class 0x088000
kern  :info  : [    0.861707] pci 0000:85:0e.4: [8086:208e] type 00 class 0x088000
kern  :info  : [    0.861746] pci 0000:85:0e.5: [8086:208e] type 00 class 0x088000
kern  :info  : [    0.861786] pci 0000:85:0e.6: [8086:208e] type 00 class 0x088000
kern  :info  : [    0.861827] pci 0000:85:0e.7: [8086:208e] type 00 class 0x088000
kern  :info  : [    0.861868] pci 0000:85:0f.0: [8086:208e] type 00 class 0x088000
kern  :info  : [    0.861921] pci 0000:85:0f.1: [8086:208e] type 00 class 0x088000
kern  :info  : [    0.861963] pci 0000:85:0f.2: [8086:208e] type 00 class 0x088000
kern  :info  : [    0.862002] pci 0000:85:0f.3: [8086:208e] type 00 class 0x088000
kern  :info  : [    0.862042] pci 0000:85:0f.4: [8086:208e] type 00 class 0x088000
kern  :info  : [    0.862085] pci 0000:85:0f.5: [8086:208e] type 00 class 0x088000
kern  :info  : [    0.862126] pci 0000:85:0f.6: [8086:208e] type 00 class 0x088000
kern  :info  : [    0.862167] pci 0000:85:0f.7: [8086:208e] type 00 class 0x088000
kern  :info  : [    0.862209] pci 0000:85:10.0: [8086:208e] type 00 class 0x088000
kern  :info  : [    0.862264] pci 0000:85:10.1: [8086:208e] type 00 class 0x088000
kern  :info  : [    0.862305] pci 0000:85:10.2: [8086:208e] type 00 class 0x088000
kern  :info  : [    0.862347] pci 0000:85:10.3: [8086:208e] type 00 class 0x088000
kern  :info  : [    0.862388] pci 0000:85:10.4: [8086:208e] type 00 class 0x088000
kern  :info  : [    0.862431] pci 0000:85:10.5: [8086:208e] type 00 class 0x088000
kern  :info  : [    0.862471] pci 0000:85:10.6: [8086:208e] type 00 class 0x088000
kern  :info  : [    0.862512] pci 0000:85:10.7: [8086:208e] type 00 class 0x088000
kern  :info  : [    0.862553] pci 0000:85:11.0: [8086:208e] type 00 class 0x088000
kern  :info  : [    0.862611] pci 0000:85:11.1: [8086:208e] type 00 class 0x088000
kern  :info  : [    0.862653] pci 0000:85:11.2: [8086:208e] type 00 class 0x088000
kern  :info  : [    0.862694] pci 0000:85:11.3: [8086:208e] type 00 class 0x088000
kern  :info  : [    0.862748] pci 0000:85:1d.0: [8086:2054] type 00 class 0x088000
kern  :info  : [    0.862804] pci 0000:85:1d.1: [8086:2055] type 00 class 0x088000
kern  :info  : [    0.862847] pci 0000:85:1d.2: [8086:2056] type 00 class 0x088000
kern  :info  : [    0.862888] pci 0000:85:1d.3: [8086:2057] type 00 class 0x088000
kern  :info  : [    0.862933] pci 0000:85:1e.0: [8086:2080] type 00 class 0x088000
kern  :info  : [    0.862994] pci 0000:85:1e.1: [8086:2081] type 00 class 0x088000
kern  :info  : [    0.863035] pci 0000:85:1e.2: [8086:2082] type 00 class 0x088000
kern  :info  : [    0.863078] pci 0000:85:1e.3: [8086:2083] type 00 class 0x088000
kern  :info  : [    0.863120] pci 0000:85:1e.4: [8086:2084] type 00 class 0x088000
kern  :info  : [    0.863162] pci 0000:85:1e.5: [8086:2085] type 00 class 0x088000
kern  :info  : [    0.863204] pci 0000:85:1e.6: [8086:2086] type 00 class 0x088000
kern  :info  : [    0.863288] pci 0000:86:00.0: [144d:a80a] type 00 class 0x010802
kern  :info  : [    0.863303] pci 0000:86:00.0: reg 0x10: [mem 0xd3800000-0xd3803fff 64bit]
kern  :info  : [    0.863612] pci 0000:86:00.0: 31.504 Gb/s available PCIe bandwidth, limited by 8.0 GT/s PCIe x4 link at 0000:85:00.0 (capable of 63.012 Gb/s with 16.0 GT/s PCIe x4 link)
kern  :info  : [    0.863735] pci 0000:85:00.0: PCI bridge to [bus 86]
kern  :info  : [    0.863738] pci 0000:85:00.0:   bridge window [mem 0xd3800000-0xd38fffff]
kern  :debug : [    0.863747] pci_bus 0000:85: on NUMA node 1
kern  :info  : [    0.863842] ACPI: PCI Root Bridge [PC08] (domain 0000 [bus ae-d6])
kern  :info  : [    0.863845] acpi PNP0A08:08: _OSC: OS supports [ExtendedConfig ASPM ClockPM Segments MSI HPX-Type3]
kern  :info  : [    0.863897] acpi PNP0A08:08: _OSC: platform does not support [SHPCHotplug AER LTR]
kern  :info  : [    0.863984] acpi PNP0A08:08: _OSC: OS now controls [PCIeHotplug PME PCIeCapability]
kern  :info  : [    0.863985] acpi PNP0A08:08: FADT indicates ASPM is unsupported, using BIOS configuration
kern  :info  : [    0.864120] PCI host bridge to bus 0000:ae
kern  :info  : [    0.864121] pci_bus 0000:ae: root bus resource [io  0xc000-0xdfff window]
kern  :info  : [    0.864123] pci_bus 0000:ae: root bus resource [mem 0xe1000000-0xee7fffff window]
kern  :info  : [    0.864124] pci_bus 0000:ae: root bus resource [mem 0x386000000000-0x386fffffffff window]
kern  :info  : [    0.864126] pci_bus 0000:ae: root bus resource [bus ae-d6]
kern  :info  : [    0.864142] pci 0000:ae:00.0: [8086:2030] type 01 class 0x060400
kern  :info  : [    0.864196] pci 0000:ae:00.0: PME# supported from D0 D3hot D3cold
kern  :info  : [    0.864464] pci 0000:ae:05.0: [8086:2034] type 00 class 0x088000
kern  :info  : [    0.864533] pci 0000:ae:05.2: [8086:2035] type 00 class 0x088000
kern  :info  : [    0.864599] pci 0000:ae:05.4: [8086:2036] type 00 class 0x080020
kern  :info  : [    0.864606] pci 0000:ae:05.4: reg 0x10: [mem 0xe1100000-0xe1100fff]
kern  :info  : [    0.864678] pci 0000:ae:08.0: [8086:2066] type 00 class 0x088000
kern  :info  : [    0.864752] pci 0000:ae:09.0: [8086:2066] type 00 class 0x088000
kern  :info  : [    0.864825] pci 0000:ae:0a.0: [8086:2040] type 00 class 0x088000
kern  :info  : [    0.864896] pci 0000:ae:0a.1: [8086:2041] type 00 class 0x088000
kern  :info  : [    0.864952] pci 0000:ae:0a.2: [8086:2042] type 00 class 0x088000
kern  :info  : [    0.865007] pci 0000:ae:0a.3: [8086:2043] type 00 class 0x088000
kern  :info  : [    0.865063] pci 0000:ae:0a.4: [8086:2044] type 00 class 0x088000
kern  :info  : [    0.865119] pci 0000:ae:0a.5: [8086:2045] type 00 class 0x088000
kern  :info  : [    0.865174] pci 0000:ae:0a.6: [8086:2046] type 00 class 0x088000
kern  :info  : [    0.865231] pci 0000:ae:0a.7: [8086:2047] type 00 class 0x088000
kern  :info  : [    0.865286] pci 0000:ae:0b.0: [8086:2048] type 00 class 0x088000
kern  :info  : [    0.865355] pci 0000:ae:0b.1: [8086:2049] type 00 class 0x088000
kern  :info  : [    0.865410] pci 0000:ae:0b.2: [8086:204a] type 00 class 0x088000
kern  :info  : [    0.865466] pci 0000:ae:0b.3: [8086:204b] type 00 class 0x088000
kern  :info  : [    0.865523] pci 0000:ae:0c.0: [8086:2040] type 00 class 0x088000
kern  :info  : [    0.865594] pci 0000:ae:0c.1: [8086:2041] type 00 class 0x088000
kern  :info  : [    0.865651] pci 0000:ae:0c.2: [8086:2042] type 00 class 0x088000
kern  :info  : [    0.865710] pci 0000:ae:0c.3: [8086:2043] type 00 class 0x088000
kern  :info  : [    0.865767] pci 0000:ae:0c.4: [8086:2044] type 00 class 0x088000
kern  :info  : [    0.865824] pci 0000:ae:0c.5: [8086:2045] type 00 class 0x088000
kern  :info  : [    0.865881] pci 0000:ae:0c.6: [8086:2046] type 00 class 0x088000
kern  :info  : [    0.865938] pci 0000:ae:0c.7: [8086:2047] type 00 class 0x088000
kern  :info  : [    0.865997] pci 0000:ae:0d.0: [8086:2048] type 00 class 0x088000
kern  :info  : [    0.866067] pci 0000:ae:0d.1: [8086:2049] type 00 class 0x088000
kern  :info  : [    0.866123] pci 0000:ae:0d.2: [8086:204a] type 00 class 0x088000
kern  :info  : [    0.866184] pci 0000:ae:0d.3: [8086:204b] type 00 class 0x088000
kern  :info  : [    0.866290] pci 0000:af:00.0: [8086:2700] type 00 class 0x010802
kern  :info  : [    0.866301] pci 0000:af:00.0: reg 0x10: [mem 0xe1000000-0xe1003fff 64bit]
kern  :info  : [    0.866323] pci 0000:af:00.0: reg 0x30: [mem 0xffff0000-0xffffffff pref]
kern  :info  : [    0.866691] pci 0000:ae:00.0: PCI bridge to [bus af]
kern  :info  : [    0.866695] pci 0000:ae:00.0:   bridge window [mem 0xe1000000-0xe10fffff]
kern  :debug : [    0.866703] pci_bus 0000:ae: on NUMA node 1
kern  :info  : [    0.866806] ACPI: PCI Root Bridge [PC09] (domain 0000 [bus d7-ff])
kern  :info  : [    0.866808] acpi PNP0A08:09: _OSC: OS supports [ExtendedConfig ASPM ClockPM Segments MSI HPX-Type3]
kern  :info  : [    0.866860] acpi PNP0A08:09: _OSC: platform does not support [SHPCHotplug AER LTR]
kern  :info  : [    0.866947] acpi PNP0A08:09: _OSC: OS now controls [PCIeHotplug PME PCIeCapability]
kern  :info  : [    0.866948] acpi PNP0A08:09: FADT indicates ASPM is unsupported, using BIOS configuration
kern  :info  : [    0.867071] PCI host bridge to bus 0000:d7
kern  :info  : [    0.867072] pci_bus 0000:d7: root bus resource [io  0xe000-0xffff window]
kern  :info  : [    0.867074] pci_bus 0000:d7: root bus resource [mem 0xee800000-0xfbffffff window]
kern  :info  : [    0.867075] pci_bus 0000:d7: root bus resource [mem 0x387000000000-0x387fffffffff window]
kern  :info  : [    0.867077] pci_bus 0000:d7: root bus resource [bus d7-ff]
kern  :info  : [    0.867088] pci 0000:d7:05.0: [8086:2034] type 00 class 0x088000
kern  :info  : [    0.867161] pci 0000:d7:05.2: [8086:2035] type 00 class 0x088000
kern  :info  : [    0.867231] pci 0000:d7:05.4: [8086:2036] type 00 class 0x080020
kern  :info  : [    0.867238] pci 0000:d7:05.4: reg 0x10: [mem 0xee800000-0xee800fff]
kern  :info  : [    0.867315] pci 0000:d7:0e.0: [8086:2058] type 00 class 0x110100
kern  :info  : [    0.867385] pci 0000:d7:0e.1: [8086:2059] type 00 class 0x088000
kern  :info  : [    0.867441] pci 0000:d7:0f.0: [8086:2058] type 00 class 0x110100
kern  :info  : [    0.867512] pci 0000:d7:0f.1: [8086:2059] type 00 class 0x088000
kern  :info  : [    0.867569] pci 0000:d7:10.0: [8086:2058] type 00 class 0x110100
kern  :info  : [    0.867639] pci 0000:d7:10.1: [8086:2059] type 00 class 0x088000
kern  :info  : [    0.867697] pci 0000:d7:12.0: [8086:204c] type 00 class 0x110100
kern  :info  : [    0.867763] pci 0000:d7:12.1: [8086:204d] type 00 class 0x110100
kern  :info  : [    0.867805] pci 0000:d7:12.2: [8086:204e] type 00 class 0x088000
kern  :info  : [    0.867850] pci 0000:d7:12.4: [8086:204c] type 00 class 0x110100
kern  :info  : [    0.867903] pci 0000:d7:12.5: [8086:204d] type 00 class 0x110100
kern  :info  : [    0.867948] pci 0000:d7:15.0: [8086:2018] type 00 class 0x088000
kern  :info  : [    0.868003] pci 0000:d7:15.1: [8086:2088] type 00 class 0x110100
kern  :info  : [    0.868047] pci 0000:d7:16.0: [8086:2018] type 00 class 0x088000
kern  :info  : [    0.868101] pci 0000:d7:16.1: [8086:2088] type 00 class 0x110100
kern  :info  : [    0.868143] pci 0000:d7:16.4: [8086:2018] type 00 class 0x088000
kern  :info  : [    0.868186] pci 0000:d7:16.5: [8086:2088] type 00 class 0x110100
kern  :info  : [    0.868228] pci 0000:d7:17.0: [8086:2018] type 00 class 0x088000
kern  :info  : [    0.868285] pci 0000:d7:17.1: [8086:2088] type 00 class 0x110100
kern  :debug : [    0.868333] pci_bus 0000:d7: on NUMA node 1
kern  :info  : [    0.868904] iommu: Default domain type: Translated 
kern  :info  : [    0.868904] iommu: DMA domain TLB invalidation policy: lazy mode 
kern  :notice: [    0.868904] SCSI subsystem initialized
kern  :info  : [    0.868904] ACPI: bus type USB registered
kern  :info  : [    0.868904] usbcore: registered new interface driver usbfs
kern  :info  : [    0.868904] usbcore: registered new interface driver hub
kern  :info  : [    0.868904] usbcore: registered new device driver usb
kern  :info  : [    0.868905] EDAC MC: Ver: 3.0.0
kern  :info  : [    0.868973] Registered efivars operations
kern  :info  : [    0.869766] NetLabel: Initializing
kern  :info  : [    0.869767] NetLabel:  domain hash size = 128
kern  :info  : [    0.869768] NetLabel:  protocols = UNLABELED CIPSOv4 CALIPSO
kern  :info  : [    0.869781] NetLabel:  unlabeled traffic allowed by default
kern  :info  : [    0.869782] PCI: Using ACPI for IRQ routing
kern  :debug : [    0.873113] PCI: pci_cache_line_size set to 64 bytes
kern  :debug : [    0.873383] e820: reserve RAM buffer [mem 0x4572e020-0x47ffffff]
kern  :debug : [    0.873386] e820: reserve RAM buffer [mem 0x45739020-0x47ffffff]
kern  :debug : [    0.873388] e820: reserve RAM buffer [mem 0x45796020-0x47ffffff]
kern  :debug : [    0.873389] e820: reserve RAM buffer [mem 0x457f3020-0x47ffffff]
kern  :debug : [    0.873390] e820: reserve RAM buffer [mem 0x45852020-0x47ffffff]
kern  :debug : [    0.873392] e820: reserve RAM buffer [mem 0x458b1020-0x47ffffff]
kern  :debug : [    0.873393] e820: reserve RAM buffer [mem 0x458ca020-0x47ffffff]
kern  :debug : [    0.873394] e820: reserve RAM buffer [mem 0x46e8b000-0x47ffffff]
kern  :debug : [    0.873395] e820: reserve RAM buffer [mem 0x46ffb000-0x47ffffff]
kern  :debug : [    0.873396] e820: reserve RAM buffer [mem 0x5daff000-0x5fffffff]
kern  :debug : [    0.873396] e820: reserve RAM buffer [mem 0x6f800000-0x6fffffff]
kern  :info  : [    0.874391] pci 0000:03:00.0: vgaarb: setting as boot VGA device
kern  :info  : [    0.874391] pci 0000:03:00.0: vgaarb: bridge control possible
kern  :info  : [    0.874391] pci 0000:03:00.0: vgaarb: VGA device added: decodes=io+mem,owns=io+mem,locks=none
kern  :info  : [    0.874391] vgaarb: loaded
kern  :info  : [    0.874391] hpet0: at MMIO 0xfed00000, IRQs 2, 8, 0, 0, 0, 0, 0, 0
kern  :info  : [    0.874391] hpet0: 8 comparators, 64-bit 24.000000 MHz counter
kern  :info  : [    0.875799] clocksource: Switched to clocksource tsc-early
kern  :notice: [    0.884132] VFS: Disk quotas dquot_6.6.0
kern  :info  : [    0.884195] VFS: Dquot-cache hash table entries: 512 (order 0, 4096 bytes)
kern  :info  : [    0.884434] pnp: PnP ACPI init
kern  :info  : [    0.885075] system 00:01: [io  0x0500-0x05fe] has been reserved
kern  :info  : [    0.885078] system 00:01: [io  0x0400-0x047f] has been reserved
kern  :info  : [    0.885080] system 00:01: [io  0x0600-0x061f] has been reserved
kern  :info  : [    0.885081] system 00:01: [io  0x0ca0-0x0ca5] has been reserved
kern  :info  : [    0.885082] system 00:01: [io  0x0880-0x0883] has been reserved
kern  :info  : [    0.885084] system 00:01: [io  0x0800-0x081f] has been reserved
kern  :info  : [    0.885086] system 00:01: [mem 0xfed1c000-0xfed3ffff] has been reserved
kern  :info  : [    0.885088] system 00:01: [mem 0xfed45000-0xfed8bfff] has been reserved
kern  :info  : [    0.885089] system 00:01: [mem 0xff000000-0xffffffff] has been reserved
